Archive member included to satisfy reference by file (symbol)

/usr/lib/gcc/arm-none-eabi/9.2.1/thumb/v6-m/nofp/libgcc.a(_dvmd_tls.o)
                              CMakeFiles/picoRGBstrip.dir/home/asger/pico/pico-sdk/src/rp2_common/pico_divider/divider.S.obj (__aeabi_idiv0)
/usr/lib/gcc/arm-none-eabi/9.2.1/../../../arm-none-eabi/lib/thumb/v6-m/nofp/libc.a(lib_a-atexit.o)
                              /usr/lib/gcc/arm-none-eabi/9.2.1/../../../arm-none-eabi/lib/thumb/v6-m/nofp/crt0.o (atexit)
/usr/lib/gcc/arm-none-eabi/9.2.1/../../../arm-none-eabi/lib/thumb/v6-m/nofp/libc.a(lib_a-calloc.o)
                              CMakeFiles/picoRGBstrip.dir/home/asger/pico/pico-sdk/src/rp2_common/pico_malloc/pico_malloc.c.obj (calloc)
/usr/lib/gcc/arm-none-eabi/9.2.1/../../../arm-none-eabi/lib/thumb/v6-m/nofp/libc.a(lib_a-callocr.o)
                              /usr/lib/gcc/arm-none-eabi/9.2.1/../../../arm-none-eabi/lib/thumb/v6-m/nofp/libc.a(lib_a-calloc.o) (_calloc_r)
/usr/lib/gcc/arm-none-eabi/9.2.1/../../../arm-none-eabi/lib/thumb/v6-m/nofp/libc.a(lib_a-fini.o)
                              /usr/lib/gcc/arm-none-eabi/9.2.1/../../../arm-none-eabi/lib/thumb/v6-m/nofp/crt0.o (__libc_fini_array)
/usr/lib/gcc/arm-none-eabi/9.2.1/../../../arm-none-eabi/lib/thumb/v6-m/nofp/libc.a(lib_a-impure.o)
                              /usr/lib/gcc/arm-none-eabi/9.2.1/../../../arm-none-eabi/lib/thumb/v6-m/nofp/libc.a(lib_a-calloc.o) (_impure_ptr)
/usr/lib/gcc/arm-none-eabi/9.2.1/../../../arm-none-eabi/lib/thumb/v6-m/nofp/libc.a(lib_a-init.o)
                              /usr/lib/gcc/arm-none-eabi/9.2.1/../../../arm-none-eabi/lib/thumb/v6-m/nofp/crt0.o (__libc_init_array)
/usr/lib/gcc/arm-none-eabi/9.2.1/../../../arm-none-eabi/lib/thumb/v6-m/nofp/libc.a(lib_a-malloc.o)
                              CMakeFiles/picoRGBstrip.dir/home/asger/pico/pico-sdk/src/rp2_common/pico_malloc/pico_malloc.c.obj (malloc)
/usr/lib/gcc/arm-none-eabi/9.2.1/../../../arm-none-eabi/lib/thumb/v6-m/nofp/libc.a(lib_a-mallocr.o)
                              /usr/lib/gcc/arm-none-eabi/9.2.1/../../../arm-none-eabi/lib/thumb/v6-m/nofp/libc.a(lib_a-callocr.o) (_malloc_r)
/usr/lib/gcc/arm-none-eabi/9.2.1/../../../arm-none-eabi/lib/thumb/v6-m/nofp/libc.a(lib_a-memmove.o)
                              CMakeFiles/picoRGBstrip.dir/home/asger/pico/pico-sdk/lib/cyw43-driver/src/cyw43_ll.c.obj (memmove)
/usr/lib/gcc/arm-none-eabi/9.2.1/../../../arm-none-eabi/lib/thumb/v6-m/nofp/libc.a(lib_a-mlock.o)
                              /usr/lib/gcc/arm-none-eabi/9.2.1/../../../arm-none-eabi/lib/thumb/v6-m/nofp/libc.a(lib_a-mallocr.o) (__malloc_lock)
/usr/lib/gcc/arm-none-eabi/9.2.1/../../../arm-none-eabi/lib/thumb/v6-m/nofp/libc.a(lib_a-realloc.o)
                              CMakeFiles/picoRGBstrip.dir/home/asger/pico/pico-sdk/src/rp2_common/pico_malloc/pico_malloc.c.obj (realloc)
/usr/lib/gcc/arm-none-eabi/9.2.1/../../../arm-none-eabi/lib/thumb/v6-m/nofp/libc.a(lib_a-reallocr.o)
                              /usr/lib/gcc/arm-none-eabi/9.2.1/../../../arm-none-eabi/lib/thumb/v6-m/nofp/libc.a(lib_a-realloc.o) (_realloc_r)
/usr/lib/gcc/arm-none-eabi/9.2.1/../../../arm-none-eabi/lib/thumb/v6-m/nofp/libc.a(lib_a-sbrkr.o)
                              /usr/lib/gcc/arm-none-eabi/9.2.1/../../../arm-none-eabi/lib/thumb/v6-m/nofp/libc.a(lib_a-mallocr.o) (_sbrk_r)
/usr/lib/gcc/arm-none-eabi/9.2.1/../../../arm-none-eabi/lib/thumb/v6-m/nofp/libc.a(lib_a-strlen-stub.o)
                              CMakeFiles/picoRGBstrip.dir/home/asger/pico/pico-sdk/src/rp2_common/pico_stdio/stdio.c.obj (strlen)
/usr/lib/gcc/arm-none-eabi/9.2.1/../../../arm-none-eabi/lib/thumb/v6-m/nofp/libc.a(lib_a-strncmp.o)
                              CMakeFiles/picoRGBstrip.dir/home/asger/pico/pico-sdk/lib/cyw43-driver/src/cyw43_ll.c.obj (strncmp)
/usr/lib/gcc/arm-none-eabi/9.2.1/../../../arm-none-eabi/lib/thumb/v6-m/nofp/libc.a(lib_a-__atexit.o)
                              /usr/lib/gcc/arm-none-eabi/9.2.1/../../../arm-none-eabi/lib/thumb/v6-m/nofp/libc.a(lib_a-atexit.o) (__register_exitproc)
/usr/lib/gcc/arm-none-eabi/9.2.1/../../../arm-none-eabi/lib/thumb/v6-m/nofp/libc.a(lib_a-freer.o)
                              /usr/lib/gcc/arm-none-eabi/9.2.1/../../../arm-none-eabi/lib/thumb/v6-m/nofp/libc.a(lib_a-malloc.o) (_free_r)
/usr/lib/gcc/arm-none-eabi/9.2.1/../../../arm-none-eabi/lib/thumb/v6-m/nofp/libc.a(lib_a-reent.o)
                              /usr/lib/gcc/arm-none-eabi/9.2.1/../../../arm-none-eabi/lib/thumb/v6-m/nofp/libc.a(lib_a-sbrkr.o) (errno)

Allocating common symbols
Common symbol       size              file

sf_table            0x100             CMakeFiles/picoRGBstrip.dir/home/asger/pico/pico-sdk/src/rp2_common/pico_float/float_init_rom.c.obj
errno               0x4               /usr/lib/gcc/arm-none-eabi/9.2.1/../../../arm-none-eabi/lib/thumb/v6-m/nofp/libc.a(lib_a-reent.o)
[...]
Memory Configuration

Name             Origin             Length             Attributes
FLASH            0x0000000010000000 0x0000000000200000 xr
RAM              0x0000000020000000 0x0000000000040000 xrw
SCRATCH_X        0x0000000020040000 0x0000000000001000 xrw
SCRATCH_Y        0x0000000020041000 0x0000000000001000 xrw
*default*        0x0000000000000000 0xffffffffffffffff

Linker script and memory map

LOAD /usr/lib/gcc/arm-none-eabi/9.2.1/thumb/v6-m/nofp/crti.o
LOAD /usr/lib/gcc/arm-none-eabi/9.2.1/thumb/v6-m/nofp/crtbegin.o
LOAD /usr/lib/gcc/arm-none-eabi/9.2.1/../../../arm-none-eabi/lib/thumb/v6-m/nofp/crt0.o

.flash_begin    0x0000000010000000        0x0
                0x0000000010000000                __flash_binary_start = .

.boot2          0x0000000010000000      0x100
                0x0000000010000000                __boot2_start__ = .
 *(.boot2)
 .boot2         0x0000000010000000      0x100 /tmp/ccH3045e.o
                0x0000000010000100                __boot2_end__ = .
                0x0000000000000001                ASSERT (((__boot2_end__ - __boot2_start__) == 0x100), ERROR: Pico second stage bootloader must be 256 bytes in size)

.text           0x0000000010000100     0x5970
                0x0000000010000100                __logical_binary_start = .
 *(.vectors)
 .vectors       0x0000000010000100       0xd4 CMakeFiles/picoRGBstrip.dir/home/asger/pico/pico-sdk/src/rp2_common/pico_standard_link/crt0.S.obj
                0x0000000010000100                __vectors
                0x0000000010000100                __VECTOR_TABLE
                0x00000000100001c0                isr_invalid
                0x00000000100001c0                __default_isrs_start
                0x00000000100001c2                isr_nmi
                0x00000000100001c4                isr_hardfault
                0x00000000100001c6                isr_svcall
                0x00000000100001c8                isr_pendsv
                0x00000000100001ca                isr_systick
                0x00000000100001cc                isr_irq30
                0x00000000100001cc                __unhandled_user_irq
                0x00000000100001cc                isr_irq13
                0x00000000100001cc                isr_irq27
                0x00000000100001cc                isr_irq31
                0x00000000100001cc                isr_irq5
                0x00000000100001cc                isr_irq11
                0x00000000100001cc                isr_irq23
                0x00000000100001cc                isr_irq18
                0x00000000100001cc                isr_irq28
                0x00000000100001cc                isr_irq19
                0x00000000100001cc                isr_irq0
                0x00000000100001cc                isr_irq6
                0x00000000100001cc                isr_irq22
                0x00000000100001cc                isr_irq17
                0x00000000100001cc                isr_irq14
                0x00000000100001cc                isr_irq2
                0x00000000100001cc                isr_irq10
                0x00000000100001cc                isr_irq8
                0x00000000100001cc                isr_irq24
                0x00000000100001cc                isr_irq1
                0x00000000100001cc                isr_irq7
                0x00000000100001cc                isr_irq21
                0x00000000100001cc                isr_irq20
                0x00000000100001cc                isr_irq15
                0x00000000100001cc                isr_irq25
                0x00000000100001cc                isr_irq4
                0x00000000100001cc                isr_irq16
                0x00000000100001cc                isr_irq29
                0x00000000100001cc                isr_irq26
                0x00000000100001cc                __default_isrs_end
                0x00000000100001cc                isr_irq3
                0x00000000100001cc                isr_irq12
                0x00000000100001cc                isr_irq9
                0x00000000100001d2                unhandled_user_irq_num_in_r0
 *(.binary_info_header)
 .binary_info_header
                0x00000000100001d4       0x14 CMakeFiles/picoRGBstrip.dir/home/asger/pico/pico-sdk/src/rp2_common/pico_standard_link/crt0.S.obj
                0x00000000100001e8                __binary_info_header_end = .
 *(.reset)
 .reset         0x00000000100001e8       0xa8 CMakeFiles/picoRGBstrip.dir/home/asger/pico/pico-sdk/src/rp2_common/pico_standard_link/crt0.S.obj
                0x00000000100001e8                _entry_point
                0x0000000010000266                __get_current_exception
 .reset         0x0000000010000290       0x30 CMakeFiles/picoRGBstrip.dir/home/asger/pico/pico-sdk/src/rp2_common/pico_standard_link/binary_info.c.obj
 *(.init)
 .init          0x00000000100002c0        0x4 /usr/lib/gcc/arm-none-eabi/9.2.1/thumb/v6-m/nofp/crti.o
                0x00000000100002c0                _init
 *(EXCLUDE_FILE(*libm.a: *libc.a:*lib_a-mem*.o *libgcc.a:) .text*)
 .text          0x00000000100002c4       0x98 /usr/lib/gcc/arm-none-eabi/9.2.1/thumb/v6-m/nofp/crtbegin.o
 .text.startup.main
                0x000000001000035c      0x1b4 CMakeFiles/picoRGBstrip.dir/picoRGBstrip.c.obj
                0x000000001000035c                main
 .text.gpio_set_function
                0x0000000010000510       0x30 CMakeFiles/picoRGBstrip.dir/home/asger/pico/pico-sdk/src/rp2_common/hardware_gpio/gpio.c.obj
                0x0000000010000510                gpio_set_function
 .text.hw_claim_lock
                0x0000000010000540       0x18 CMakeFiles/picoRGBstrip.dir/home/asger/pico/pico-sdk/src/rp2_common/hardware_claim/claim.c.obj
                0x0000000010000540                hw_claim_lock
 .text.hw_claim_unlock
                0x0000000010000558       0x14 CMakeFiles/picoRGBstrip.dir/home/asger/pico/pico-sdk/src/rp2_common/hardware_claim/claim.c.obj
                0x0000000010000558                hw_claim_unlock
 .text.hw_claim_or_assert
                0x000000001000056c       0x48 CMakeFiles/picoRGBstrip.dir/home/asger/pico/pico-sdk/src/rp2_common/hardware_claim/claim.c.obj
                0x000000001000056c                hw_claim_or_assert
 .text.hw_claim_unused_from_range
                0x00000000100005b4       0x9c CMakeFiles/picoRGBstrip.dir/home/asger/pico/pico-sdk/src/rp2_common/hardware_claim/claim.c.obj
                0x00000000100005b4                hw_claim_unused_from_range
 .text.running_on_fpga
                0x0000000010000650       0x10 CMakeFiles/picoRGBstrip.dir/home/asger/pico/pico-sdk/src/rp2_common/pico_platform/platform.c.obj
                0x0000000010000650                running_on_fpga
 .text.spin_locks_reset
                0x0000000010000660       0x1c CMakeFiles/picoRGBstrip.dir/home/asger/pico/pico-sdk/src/rp2_common/hardware_sync/sync.c.obj
                0x0000000010000660                spin_locks_reset
 .text.next_striped_spin_lock_num
                0x000000001000067c       0x18 CMakeFiles/picoRGBstrip.dir/home/asger/pico/pico-sdk/src/rp2_common/hardware_sync/sync.c.obj
                0x000000001000067c                next_striped_spin_lock_num
 .text.spin_lock_claim_unused
                0x0000000010000694       0x20 CMakeFiles/picoRGBstrip.dir/home/asger/pico/pico-sdk/src/rp2_common/hardware_sync/sync.c.obj
                0x0000000010000694                spin_lock_claim_unused
 .text.irq_set_enabled
                0x00000000100006b4       0x24 CMakeFiles/picoRGBstrip.dir/home/asger/pico/pico-sdk/src/rp2_common/hardware_irq/irq.c.obj
                0x00000000100006b4                irq_set_enabled
 .text.irq_set_pending
                0x00000000100006d8       0x10 CMakeFiles/picoRGBstrip.dir/home/asger/pico/pico-sdk/src/rp2_common/hardware_irq/irq.c.obj
                0x00000000100006d8                irq_set_pending
 .text.irq_has_shared_handler
                0x00000000100006e8       0x2c CMakeFiles/picoRGBstrip.dir/home/asger/pico/pico-sdk/src/rp2_common/hardware_irq/irq.c.obj
                0x00000000100006e8                irq_has_shared_handler
 .text.irq_get_vtable_handler
                0x0000000010000714       0x10 CMakeFiles/picoRGBstrip.dir/home/asger/pico/pico-sdk/src/rp2_common/hardware_irq/irq.c.obj
                0x0000000010000714                irq_get_vtable_handler
 .text.irq_set_exclusive_handler
                0x0000000010000724       0x54 CMakeFiles/picoRGBstrip.dir/home/asger/pico/pico-sdk/src/rp2_common/hardware_irq/irq.c.obj
                0x0000000010000724                irq_set_exclusive_handler
 .text.irq_add_shared_handler
                0x0000000010000778      0x1c0 CMakeFiles/picoRGBstrip.dir/home/asger/pico/pico-sdk/src/rp2_common/hardware_irq/irq.c.obj
                0x0000000010000778                irq_add_shared_handler
 .text.irq_remove_handler
                0x0000000010000938      0x1b4 CMakeFiles/picoRGBstrip.dir/home/asger/pico/pico-sdk/src/rp2_common/hardware_irq/irq.c.obj
                0x0000000010000938                irq_remove_handler
 .text.irq_add_tail_to_free_list
                0x0000000010000aec       0xb8 CMakeFiles/picoRGBstrip.dir/home/asger/pico/pico-sdk/src/rp2_common/hardware_irq/irq.c.obj
                0x0000000010000aec                irq_add_tail_to_free_list
 .text.irq_init_priorities
                0x0000000010000ba4       0x24 CMakeFiles/picoRGBstrip.dir/home/asger/pico/pico-sdk/src/rp2_common/hardware_irq/irq.c.obj
                0x0000000010000ba4                irq_init_priorities
 .text.user_irq_claim_unused
                0x0000000010000bc8       0x30 CMakeFiles/picoRGBstrip.dir/home/asger/pico/pico-sdk/src/rp2_common/hardware_irq/irq.c.obj
                0x0000000010000bc8                user_irq_claim_unused
 .text.lock_init
                0x0000000010000bf8       0x10 CMakeFiles/picoRGBstrip.dir/home/asger/pico/pico-sdk/src/common/pico_sync/lock_core.c.obj
                0x0000000010000bf8                lock_init
 .text.timer_pool_entry_comparator
                0x0000000010000c08       0x34 CMakeFiles/picoRGBstrip.dir/home/asger/pico/pico-sdk/src/common/pico_time/time.c.obj
                0x0000000010000c08                timer_pool_entry_comparator
 .text.sleep_until_callback
                0x0000000010000c3c       0x30 CMakeFiles/picoRGBstrip.dir/home/asger/pico/pico-sdk/src/common/pico_time/time.c.obj
 .text.alarm_pool_add_alarm_at.constprop.0
                0x0000000010000c6c      0x128 CMakeFiles/picoRGBstrip.dir/home/asger/pico/pico-sdk/src/common/pico_time/time.c.obj
 .text.add_alarm_under_lock
                0x0000000010000d94      0x108 CMakeFiles/picoRGBstrip.dir/home/asger/pico/pico-sdk/src/common/pico_time/time.c.obj
 .text.alarm_pool_alarm_callback
                0x0000000010000e9c      0x1c8 CMakeFiles/picoRGBstrip.dir/home/asger/pico/pico-sdk/src/common/pico_time/time.c.obj
 .text.alarm_pool_init_default
                0x0000000010001064       0x64 CMakeFiles/picoRGBstrip.dir/home/asger/pico/pico-sdk/src/common/pico_time/time.c.obj
                0x0000000010001064                alarm_pool_init_default
 .text.alarm_pool_get_default
                0x00000000100010c8        0x8 CMakeFiles/picoRGBstrip.dir/home/asger/pico/pico-sdk/src/common/pico_time/time.c.obj
                0x00000000100010c8                alarm_pool_get_default
 .text.alarm_pool_add_alarm_at
                0x00000000100010d0      0x1ac CMakeFiles/picoRGBstrip.dir/home/asger/pico/pico-sdk/src/common/pico_time/time.c.obj
                0x00000000100010d0                alarm_pool_add_alarm_at
 .text.sleep_until
                0x000000001000127c       0xac CMakeFiles/picoRGBstrip.dir/home/asger/pico/pico-sdk/src/common/pico_time/time.c.obj
                0x000000001000127c                sleep_until
 .text.sleep_ms
                0x0000000010001328       0x38 CMakeFiles/picoRGBstrip.dir/home/asger/pico/pico-sdk/src/common/pico_time/time.c.obj
                0x0000000010001328                sleep_ms
 .text.best_effort_wfe_or_timeout
                0x0000000010001360       0xd4 CMakeFiles/picoRGBstrip.dir/home/asger/pico/pico-sdk/src/common/pico_time/time.c.obj
                0x0000000010001360                best_effort_wfe_or_timeout
 .text.hardware_alarm_irq_handler
                0x0000000010001434       0xb8 CMakeFiles/picoRGBstrip.dir/home/asger/pico/pico-sdk/src/rp2_common/hardware_timer/timer.c.obj
 .text.hardware_alarm_claim
                0x00000000100014ec       0x18 CMakeFiles/picoRGBstrip.dir/home/asger/pico/pico-sdk/src/rp2_common/hardware_timer/timer.c.obj
                0x00000000100014ec                hardware_alarm_claim
 .text.time_us_64
                0x0000000010001504       0x14 CMakeFiles/picoRGBstrip.dir/home/asger/pico/pico-sdk/src/rp2_common/hardware_timer/timer.c.obj
                0x0000000010001504                time_us_64
 .text.busy_wait_until
                0x0000000010001518       0x20 CMakeFiles/picoRGBstrip.dir/home/asger/pico/pico-sdk/src/rp2_common/hardware_timer/timer.c.obj
                0x0000000010001518                busy_wait_until
 .text.hardware_alarm_set_callback
                0x0000000010001538       0x8c CMakeFiles/picoRGBstrip.dir/home/asger/pico/pico-sdk/src/rp2_common/hardware_timer/timer.c.obj
                0x0000000010001538                hardware_alarm_set_callback
 .text.hardware_alarm_set_target
                0x00000000100015c4       0xe4 CMakeFiles/picoRGBstrip.dir/home/asger/pico/pico-sdk/src/rp2_common/hardware_timer/timer.c.obj
                0x00000000100015c4                hardware_alarm_set_target
 .text.hardware_alarm_cancel
                0x00000000100016a8       0x40 CMakeFiles/picoRGBstrip.dir/home/asger/pico/pico-sdk/src/rp2_common/hardware_timer/timer.c.obj
                0x00000000100016a8                hardware_alarm_cancel
 .text.ph_merge_nodes
                0x00000000100016e8       0x68 CMakeFiles/picoRGBstrip.dir/home/asger/pico/pico-sdk/src/common/pico_util/pheap.c.obj
 .text.ph_post_alloc_init
                0x0000000010001750       0x3c CMakeFiles/picoRGBstrip.dir/home/asger/pico/pico-sdk/src/common/pico_util/pheap.c.obj
                0x0000000010001750                ph_post_alloc_init
 .text.ph_merge_two_pass
                0x000000001000178c       0x90 CMakeFiles/picoRGBstrip.dir/home/asger/pico/pico-sdk/src/common/pico_util/pheap.c.obj
                0x000000001000178c                ph_merge_two_pass
 .text.ph_remove_any_head
                0x000000001000181c       0xf8 CMakeFiles/picoRGBstrip.dir/home/asger/pico/pico-sdk/src/common/pico_util/pheap.c.obj
 .text.ph_remove_head
                0x0000000010001914      0x13c CMakeFiles/picoRGBstrip.dir/home/asger/pico/pico-sdk/src/common/pico_util/pheap.c.obj
                0x0000000010001914                ph_remove_head
 .text.ph_remove_and_free_node
                0x0000000010001a50       0x7c CMakeFiles/picoRGBstrip.dir/home/asger/pico/pico-sdk/src/common/pico_util/pheap.c.obj
                0x0000000010001a50                ph_remove_and_free_node
 .text.mutex_init
                0x0000000010001acc       0x1c CMakeFiles/picoRGBstrip.dir/home/asger/pico/pico-sdk/src/common/pico_sync/mutex.c.obj
                0x0000000010001acc                mutex_init
 .text.recursive_mutex_init
                0x0000000010001ae8       0x1c CMakeFiles/picoRGBstrip.dir/home/asger/pico/pico-sdk/src/common/pico_sync/mutex.c.obj
                0x0000000010001ae8                recursive_mutex_init
 .text.critical_section_init
                0x0000000010001b04       0x1c CMakeFiles/picoRGBstrip.dir/home/asger/pico/pico-sdk/src/common/pico_sync/critical_section.c.obj
                0x0000000010001b04                critical_section_init
 .text.runtime_init
                0x0000000010001b20       0xf0 CMakeFiles/picoRGBstrip.dir/home/asger/pico/pico-sdk/src/rp2_common/pico_runtime/runtime.c.obj
                0x0000000010001b20                runtime_init
 .text.exit     0x0000000010001c10        0x4 CMakeFiles/picoRGBstrip.dir/home/asger/pico/pico-sdk/src/rp2_common/pico_runtime/runtime.c.obj
                0x0000000010001c10                exit
 .text.panic    0x0000000010001c14       0x30 CMakeFiles/picoRGBstrip.dir/home/asger/pico/pico-sdk/src/rp2_common/pico_runtime/runtime.c.obj
                0x0000000010001c14                panic
 .text.hard_assertion_failure
                0x0000000010001c44        0xc CMakeFiles/picoRGBstrip.dir/home/asger/pico/pico-sdk/src/rp2_common/pico_runtime/runtime.c.obj
                0x0000000010001c44                hard_assertion_failure
 .text.clocks_init
                0x0000000010001c50      0x2bc CMakeFiles/picoRGBstrip.dir/home/asger/pico/pico-sdk/src/rp2_common/hardware_clocks/clocks.c.obj
                0x0000000010001c50                clocks_init
 .text.clock_get_hz
                0x0000000010001f0c        0xc CMakeFiles/picoRGBstrip.dir/home/asger/pico/pico-sdk/src/rp2_common/hardware_clocks/clocks.c.obj
                0x0000000010001f0c                clock_get_hz
 .text.pll_init
                0x0000000010001f18       0xa8 CMakeFiles/picoRGBstrip.dir/home/asger/pico/pico-sdk/src/rp2_common/hardware_pll/pll.c.obj
                0x0000000010001f18                pll_init
 .text.watchdog_start_tick
                0x0000000010001fc0       0x10 CMakeFiles/picoRGBstrip.dir/home/asger/pico/pico-sdk/src/rp2_common/hardware_watchdog/watchdog.c.obj
                0x0000000010001fc0                watchdog_start_tick
 .text.watchdog_reboot
                0x0000000010001fd0       0x98 CMakeFiles/picoRGBstrip.dir/home/asger/pico/pico-sdk/src/rp2_common/hardware_watchdog/watchdog.c.obj
                0x0000000010001fd0                watchdog_reboot
 .text.xosc_init
                0x0000000010002068       0x28 CMakeFiles/picoRGBstrip.dir/home/asger/pico/pico-sdk/src/rp2_common/hardware_xosc/xosc.c.obj
                0x0000000010002068                xosc_init
 .text._out_char
                0x0000000010002090       0x10 CMakeFiles/picoRGBstrip.dir/home/asger/pico/pico-sdk/src/rp2_common/pico_printf/printf.c.obj
 .text.weak_raw_vprintf
                0x00000000100020a0       0x30 CMakeFiles/picoRGBstrip.dir/home/asger/pico/pico-sdk/src/rp2_common/pico_printf/printf.c.obj
                0x00000000100020a0                weak_raw_vprintf
 .text          0x00000000100020d0       0x10 CMakeFiles/picoRGBstrip.dir/home/asger/pico/pico-sdk/src/rp2_common/pico_bit_ops/bit_ops_aeabi.S.obj
 .text.ctzsi    0x00000000100020e0        0xc CMakeFiles/picoRGBstrip.dir/home/asger/pico/pico-sdk/src/rp2_common/pico_bit_ops/bit_ops_aeabi.S.obj
                0x00000000100020e0                __wrap___ctzsi2
 .text.rom_func_lookup
                0x00000000100020ec       0x10 CMakeFiles/picoRGBstrip.dir/home/asger/pico/pico-sdk/src/rp2_common/pico_bootrom/bootrom.c.obj
                0x00000000100020ec                rom_func_lookup
 .text.rom_data_lookup
                0x00000000100020fc       0x10 CMakeFiles/picoRGBstrip.dir/home/asger/pico/pico-sdk/src/rp2_common/pico_bootrom/bootrom.c.obj
                0x00000000100020fc                rom_data_lookup
 .text.rom_funcs_lookup
                0x000000001000210c       0x3c CMakeFiles/picoRGBstrip.dir/home/asger/pico/pico-sdk/src/rp2_common/pico_bootrom/bootrom.c.obj
                0x000000001000210c                rom_funcs_lookup
 .text.__wrap___aeabi_uidiv
                0x0000000010002148       0x4c CMakeFiles/picoRGBstrip.dir/home/asger/pico/pico-sdk/src/rp2_common/pico_divider/divider.S.obj
                0x0000000010002148                __wrap___aeabi_uidiv
                0x0000000010002148                __wrap___aeabi_uidivmod
                0x0000000010002148                div_u32u32
                0x0000000010002148                divmod_u32u32
                0x0000000010002150                divmod_u32u32_unsafe
                0x0000000010002178                divmod_u32u32_savestate
 .text.__wrap___aeabi_darithmetic
                0x0000000010002194       0x60 CMakeFiles/picoRGBstrip.dir/home/asger/pico/pico-sdk/src/rp2_common/pico_double/double_aeabi.S.obj
                0x0000000010002194                __wrap___aeabi_drsub
                0x000000001000219a                __wrap___aeabi_dsub
                0x00000000100021a4                __wrap___aeabi_dadd
                0x00000000100021ae                __wrap___aeabi_ddiv
                0x00000000100021e2                __wrap___aeabi_dmul
 .text.__wrap___aeabi_i2d
                0x00000000100021f4       0x38 CMakeFiles/picoRGBstrip.dir/home/asger/pico/pico-sdk/src/rp2_common/pico_double/double_aeabi.S.obj
                0x00000000100021f4                __wrap___aeabi_ui2d
                0x00000000100021fc                __wrap___aeabi_i2d
 .text.__wrap___aeabi_d2f
                0x000000001000222c       0x10 CMakeFiles/picoRGBstrip.dir/home/asger/pico/pico-sdk/src/rp2_common/pico_double/double_aeabi.S.obj
                0x000000001000222c                __wrap___aeabi_d2f
 .text.__wrap_exp
                0x000000001000223c       0x10 CMakeFiles/picoRGBstrip.dir/home/asger/pico/pico-sdk/src/rp2_common/pico_double/double_aeabi.S.obj
                0x000000001000223c                __wrap_exp
 .text.__wrap_log
                0x000000001000224c       0x10 CMakeFiles/picoRGBstrip.dir/home/asger/pico/pico-sdk/src/rp2_common/pico_double/double_aeabi.S.obj
                0x000000001000224c                __wrap_log
 .text.missing_double_func_shim
                0x000000001000225c        0xc CMakeFiles/picoRGBstrip.dir/home/asger/pico/pico-sdk/src/rp2_common/pico_double/double_init_rom.c.obj
 .text.__aeabi_double_init
                0x0000000010002268       0xc0 CMakeFiles/picoRGBstrip.dir/home/asger/pico/pico-sdk/src/rp2_common/pico_double/double_init_rom.c.obj
                0x0000000010002268                __aeabi_double_init
 .text.double_table_shim_on_use_helper
                0x0000000010002328       0x2c CMakeFiles/picoRGBstrip.dir/home/asger/pico/pico-sdk/src/rp2_common/pico_double/double_v1_rom_shim.S.obj
                0x0000000010002328                double_table_shim_on_use_helper
 .text.__aeabi_lmul
                0x0000000010002354       0x32 CMakeFiles/picoRGBstrip.dir/home/asger/pico/pico-sdk/src/rp2_common/pico_int64_ops/pico_int64_ops_aeabi.S.obj
                0x0000000010002354                __wrap___aeabi_lmul
 *fill*         0x0000000010002386        0x2 
 .text.__wrap___aeabi_farithmetic
                0x0000000010002388       0x48 CMakeFiles/picoRGBstrip.dir/home/asger/pico/pico-sdk/src/rp2_common/pico_float/float_aeabi.S.obj
                0x0000000010002388                __wrap___aeabi_frsub
                0x000000001000238e                __wrap___aeabi_fsub
                0x0000000010002394                __wrap___aeabi_fadd
                0x000000001000239a                __wrap___aeabi_fdiv
                0x00000000100023c2                __wrap___aeabi_fmul
 .text.__wrap___aeabi_cfcmple
                0x00000000100023d0       0x50 CMakeFiles/picoRGBstrip.dir/home/asger/pico/pico-sdk/src/rp2_common/pico_float/float_aeabi.S.obj
                0x00000000100023d0                __wrap___aeabi_cfrcmple
                0x00000000100023dc                __wrap___aeabi_cfcmpeq
                0x00000000100023dc                __wrap___aeabi_cfcmple
 .text.__wrap___aeabi_fcmpeq
                0x0000000010002420       0x10 CMakeFiles/picoRGBstrip.dir/home/asger/pico/pico-sdk/src/rp2_common/pico_float/float_aeabi.S.obj
                0x0000000010002420                __wrap___aeabi_fcmpeq
 .text.__wrap___aeabi_ui2f
                0x0000000010002430        0xa CMakeFiles/picoRGBstrip.dir/home/asger/pico/pico-sdk/src/rp2_common/pico_float/float_aeabi.S.obj
                0x0000000010002430                __wrap___aeabi_ui2f
 *fill*         0x000000001000243a        0x2 
 .text.__wrap___aeabi_i2f
                0x000000001000243c       0x44 CMakeFiles/picoRGBstrip.dir/home/asger/pico/pico-sdk/src/rp2_common/pico_float/float_aeabi.S.obj
                0x000000001000243c                __wrap___aeabi_i2f
 .text.__wrap___aeabi_f2iz
                0x0000000010002480       0x4e CMakeFiles/picoRGBstrip.dir/home/asger/pico/pico-sdk/src/rp2_common/pico_float/float_aeabi.S.obj
                0x0000000010002480                __wrap___aeabi_f2iz
                0x0000000010002480                float2int_z
 *fill*         0x00000000100024ce        0x2 
 .text.float2int
                0x00000000100024d0        0xc CMakeFiles/picoRGBstrip.dir/home/asger/pico/pico-sdk/src/rp2_common/pico_float/float_aeabi.S.obj
                0x00000000100024d0                float2int
 .text.__wrap___aeabi_f2uiz
                0x00000000100024dc        0xc CMakeFiles/picoRGBstrip.dir/home/asger/pico/pico-sdk/src/rp2_common/pico_float/float_aeabi.S.obj
                0x00000000100024dc                __wrap___aeabi_f2uiz
 .text.fix2float
                0x00000000100024e8        0xc CMakeFiles/picoRGBstrip.dir/home/asger/pico/pico-sdk/src/rp2_common/pico_float/float_aeabi.S.obj
                0x00000000100024e8                fix2float
 .text.__wrap___aeabi_f2d
                0x00000000100024f4        0xc CMakeFiles/picoRGBstrip.dir/home/asger/pico/pico-sdk/src/rp2_common/pico_float/float_aeabi.S.obj
                0x00000000100024f4                __wrap___aeabi_f2d
 .text.__wrap_sinf
                0x0000000010002500       0x24 CMakeFiles/picoRGBstrip.dir/home/asger/pico/pico-sdk/src/rp2_common/pico_float/float_aeabi.S.obj
                0x0000000010002500                __wrap_sinf
 .text.missing_float_func_shim
                0x0000000010002524        0xc CMakeFiles/picoRGBstrip.dir/home/asger/pico/pico-sdk/src/rp2_common/pico_float/float_init_rom.c.obj
 .text.__aeabi_float_init
                0x0000000010002530       0x5c CMakeFiles/picoRGBstrip.dir/home/asger/pico/pico-sdk/src/rp2_common/pico_float/float_init_rom.c.obj
                0x0000000010002530                __aeabi_float_init
 .text.fpow_int2
                0x000000001000258c       0x28 CMakeFiles/picoRGBstrip.dir/home/asger/pico/pico-sdk/src/rp2_common/pico_float/float_math.c.obj
 .text.fpow_0   0x00000000100025b4      0x1a8 CMakeFiles/picoRGBstrip.dir/home/asger/pico/pico-sdk/src/rp2_common/pico_float/float_math.c.obj
 .text.__wrap_powf
                0x000000001000275c      0x19c CMakeFiles/picoRGBstrip.dir/home/asger/pico/pico-sdk/src/rp2_common/pico_float/float_math.c.obj
                0x000000001000275c                __wrap_powf
 .text.__wrap_remquof
                0x00000000100028f8      0x148 CMakeFiles/picoRGBstrip.dir/home/asger/pico/pico-sdk/src/rp2_common/pico_float/float_math.c.obj
                0x00000000100028f8                __wrap_remquof
 .text.__wrap_remainderf
                0x0000000010002a40        0xc CMakeFiles/picoRGBstrip.dir/home/asger/pico/pico-sdk/src/rp2_common/pico_float/float_math.c.obj
                0x0000000010002a40                __wrap_remainderf
 .text          0x0000000010002a4c       0x10 CMakeFiles/picoRGBstrip.dir/home/asger/pico/pico-sdk/src/rp2_common/pico_mem_ops/mem_ops_aeabi.S.obj
                0x0000000010002a4c                __aeabi_mem_init
 .text.memset   0x0000000010002a5c        0xc CMakeFiles/picoRGBstrip.dir/home/asger/pico/pico-sdk/src/rp2_common/pico_mem_ops/mem_ops_aeabi.S.obj
                0x0000000010002a5c                __wrap_memset
 .text.memcpy   0x0000000010002a68        0xc CMakeFiles/picoRGBstrip.dir/home/asger/pico/pico-sdk/src/rp2_common/pico_mem_ops/mem_ops_aeabi.S.obj
                0x0000000010002a68                __wrap___aeabi_memcpy
                0x0000000010002a68                __wrap_memcpy
 .text.stdio_out_chars_no_crlf
                0x0000000010002a74       0x10 CMakeFiles/picoRGBstrip.dir/home/asger/pico/pico-sdk/src/rp2_common/pico_stdio/stdio.c.obj
 .text.stdio_out_chars_crlf
                0x0000000010002a84       0x94 CMakeFiles/picoRGBstrip.dir/home/asger/pico/pico-sdk/src/rp2_common/pico_stdio/stdio.c.obj
 .text.stdio_put_string
                0x0000000010002b18      0x100 CMakeFiles/picoRGBstrip.dir/home/asger/pico/pico-sdk/src/rp2_common/pico_stdio/stdio.c.obj
 .text.__wrap_putchar
                0x0000000010002c18       0xa4 CMakeFiles/picoRGBstrip.dir/home/asger/pico/pico-sdk/src/rp2_common/pico_stdio/stdio.c.obj
                0x0000000010002c18                __wrap_putchar
 .text.__wrap_puts
                0x0000000010002cbc       0x3c CMakeFiles/picoRGBstrip.dir/home/asger/pico/pico-sdk/src/rp2_common/pico_stdio/stdio.c.obj
                0x0000000010002cbc                __wrap_puts
 .text.stdio_set_driver_enabled
                0x0000000010002cf8       0x30 CMakeFiles/picoRGBstrip.dir/home/asger/pico/pico-sdk/src/rp2_common/pico_stdio/stdio.c.obj
                0x0000000010002cf8                stdio_set_driver_enabled
 .text.stdio_init_all
                0x0000000010002d28        0x8 CMakeFiles/picoRGBstrip.dir/home/asger/pico/pico-sdk/src/rp2_common/pico_stdio/stdio.c.obj
                0x0000000010002d28                stdio_init_all
 .text.resetd_init
                0x0000000010002d30        0x4 CMakeFiles/picoRGBstrip.dir/home/asger/pico/pico-sdk/src/rp2_common/pico_stdio_usb/reset_interface.c.obj
 .text.resetd_reset
                0x0000000010002d34        0xc CMakeFiles/picoRGBstrip.dir/home/asger/pico/pico-sdk/src/rp2_common/pico_stdio_usb/reset_interface.c.obj
 .text.resetd_open
                0x0000000010002d40       0x28 CMakeFiles/picoRGBstrip.dir/home/asger/pico/pico-sdk/src/rp2_common/pico_stdio_usb/reset_interface.c.obj
 .text.resetd_xfer_cb
                0x0000000010002d68        0x4 CMakeFiles/picoRGBstrip.dir/home/asger/pico/pico-sdk/src/rp2_common/pico_stdio_usb/reset_interface.c.obj
 .text.resetd_control_xfer_cb
                0x0000000010002d6c       0x64 CMakeFiles/picoRGBstrip.dir/home/asger/pico/pico-sdk/src/rp2_common/pico_stdio_usb/reset_interface.c.obj
 .text.usbd_app_driver_get_cb
                0x0000000010002dd0        0xc CMakeFiles/picoRGBstrip.dir/home/asger/pico/pico-sdk/src/rp2_common/pico_stdio_usb/reset_interface.c.obj
                0x0000000010002dd0                usbd_app_driver_get_cb
 .text.tud_cdc_line_coding_cb
                0x0000000010002ddc       0x34 CMakeFiles/picoRGBstrip.dir/home/asger/pico/pico-sdk/src/rp2_common/pico_stdio_usb/reset_interface.c.obj
                0x0000000010002ddc                tud_cdc_line_coding_cb
 .text.stdio_usb_in_chars
                0x0000000010002e10       0x68 CMakeFiles/picoRGBstrip.dir/home/asger/pico/pico-sdk/src/rp2_common/pico_stdio_usb/stdio_usb.c.obj
                0x0000000010002e10                stdio_usb_in_chars
 .text.stdio_usb_out_chars
                0x0000000010002e78       0xec CMakeFiles/picoRGBstrip.dir/home/asger/pico/pico-sdk/src/rp2_common/pico_stdio_usb/stdio_usb.c.obj
 .text.timer_task
                0x0000000010002f64       0x18 CMakeFiles/picoRGBstrip.dir/home/asger/pico/pico-sdk/src/rp2_common/pico_stdio_usb/stdio_usb.c.obj
 .text.usb_irq  0x0000000010002f7c       0x10 CMakeFiles/picoRGBstrip.dir/home/asger/pico/pico-sdk/src/rp2_common/pico_stdio_usb/stdio_usb.c.obj
 .text.low_priority_worker_irq
                0x0000000010002f8c       0x24 CMakeFiles/picoRGBstrip.dir/home/asger/pico/pico-sdk/src/rp2_common/pico_stdio_usb/stdio_usb.c.obj
 .text.stdio_usb_init
                0x0000000010002fb0       0xb0 CMakeFiles/picoRGBstrip.dir/home/asger/pico/pico-sdk/src/rp2_common/pico_stdio_usb/stdio_usb.c.obj
                0x0000000010002fb0                stdio_usb_init
 .text.tud_descriptor_device_cb
                0x0000000010003060        0x8 CMakeFiles/picoRGBstrip.dir/home/asger/pico/pico-sdk/src/rp2_common/pico_stdio_usb/stdio_usb_descriptors.c.obj
                0x0000000010003060                tud_descriptor_device_cb
 .text.tud_descriptor_configuration_cb
                0x0000000010003068        0x8 CMakeFiles/picoRGBstrip.dir/home/asger/pico/pico-sdk/src/rp2_common/pico_stdio_usb/stdio_usb_descriptors.c.obj
                0x0000000010003068                tud_descriptor_configuration_cb
 .text.tud_descriptor_string_cb
                0x0000000010003070       0x70 CMakeFiles/picoRGBstrip.dir/home/asger/pico/pico-sdk/src/rp2_common/pico_stdio_usb/stdio_usb_descriptors.c.obj
                0x0000000010003070                tud_descriptor_string_cb
 .text.dcd_rp2040_irq
                0x00000000100030e0      0x21c CMakeFiles/picoRGBstrip.dir/home/asger/pico/pico-sdk/lib/tinyusb/src/portable/raspberrypi/rp2040/dcd_rp2040.c.obj
 .text.dcd_int_enable
                0x00000000100032fc        0xc CMakeFiles/picoRGBstrip.dir/home/asger/pico/pico-sdk/lib/tinyusb/src/portable/raspberrypi/rp2040/dcd_rp2040.c.obj
                0x00000000100032fc                dcd_int_enable
 .text.dcd_set_address
                0x0000000010003308       0x14 CMakeFiles/picoRGBstrip.dir/home/asger/pico/pico-sdk/lib/tinyusb/src/portable/raspberrypi/rp2040/dcd_rp2040.c.obj
                0x0000000010003308                dcd_set_address
 .text.dcd_connect
                0x000000001000331c       0x10 CMakeFiles/picoRGBstrip.dir/home/asger/pico/pico-sdk/lib/tinyusb/src/portable/raspberrypi/rp2040/dcd_rp2040.c.obj
                0x000000001000331c                dcd_connect
 .text.dcd_init
                0x000000001000332c      0x148 CMakeFiles/picoRGBstrip.dir/home/asger/pico/pico-sdk/lib/tinyusb/src/portable/raspberrypi/rp2040/dcd_rp2040.c.obj
                0x000000001000332c                dcd_init
 .text.dcd_edpt0_status_complete
                0x0000000010003474       0x1c CMakeFiles/picoRGBstrip.dir/home/asger/pico/pico-sdk/lib/tinyusb/src/portable/raspberrypi/rp2040/dcd_rp2040.c.obj
                0x0000000010003474                dcd_edpt0_status_complete
 .text.dcd_edpt_open
                0x0000000010003490       0xf0 CMakeFiles/picoRGBstrip.dir/home/asger/pico/pico-sdk/lib/tinyusb/src/portable/raspberrypi/rp2040/dcd_rp2040.c.obj
                0x0000000010003490                dcd_edpt_open
 .text.dcd_edpt_close_all
                0x0000000010003580       0xbc CMakeFiles/picoRGBstrip.dir/home/asger/pico/pico-sdk/lib/tinyusb/src/portable/raspberrypi/rp2040/dcd_rp2040.c.obj
                0x0000000010003580                dcd_edpt_close_all
 .text.dcd_edpt_xfer
                0x000000001000363c       0x24 CMakeFiles/picoRGBstrip.dir/home/asger/pico/pico-sdk/lib/tinyusb/src/portable/raspberrypi/rp2040/dcd_rp2040.c.obj
                0x000000001000363c                dcd_edpt_xfer
 .text.dcd_edpt_stall
                0x0000000010003660       0x38 CMakeFiles/picoRGBstrip.dir/home/asger/pico/pico-sdk/lib/tinyusb/src/portable/raspberrypi/rp2040/dcd_rp2040.c.obj
                0x0000000010003660                dcd_edpt_stall
 .text.dcd_edpt_clear_stall
                0x0000000010003698       0x30 CMakeFiles/picoRGBstrip.dir/home/asger/pico/pico-sdk/lib/tinyusb/src/portable/raspberrypi/rp2040/dcd_rp2040.c.obj
                0x0000000010003698                dcd_edpt_clear_stall
 .text._hw_endpoint_buffer_control_update32.part.0
                0x00000000100036c8       0x20 CMakeFiles/picoRGBstrip.dir/home/asger/pico/pico-sdk/lib/tinyusb/src/portable/raspberrypi/rp2040/rp2040_usb.c.obj
 .text.rp2040_usb_init
                0x00000000100036e8       0x4c CMakeFiles/picoRGBstrip.dir/home/asger/pico/pico-sdk/lib/tinyusb/src/portable/raspberrypi/rp2040/rp2040_usb.c.obj
                0x00000000100036e8                rp2040_usb_init
 .text.hw_endpoint_reset_transfer
                0x0000000010003734        0xc CMakeFiles/picoRGBstrip.dir/home/asger/pico/pico-sdk/lib/tinyusb/src/portable/raspberrypi/rp2040/rp2040_usb.c.obj
                0x0000000010003734                hw_endpoint_reset_transfer
 .text._hw_endpoint_buffer_control_update32
                0x0000000010003740       0x40 CMakeFiles/picoRGBstrip.dir/home/asger/pico/pico-sdk/lib/tinyusb/src/portable/raspberrypi/rp2040/rp2040_usb.c.obj
                0x0000000010003740                _hw_endpoint_buffer_control_update32
 .text.hw_endpoint_xfer_start
                0x0000000010003780      0x138 CMakeFiles/picoRGBstrip.dir/home/asger/pico/pico-sdk/lib/tinyusb/src/portable/raspberrypi/rp2040/rp2040_usb.c.obj
                0x0000000010003780                hw_endpoint_xfer_start
 .text.hw_endpoint_xfer_continue
                0x00000000100038b8      0x1e4 CMakeFiles/picoRGBstrip.dir/home/asger/pico/pico-sdk/lib/tinyusb/src/portable/raspberrypi/rp2040/rp2040_usb.c.obj
                0x00000000100038b8                hw_endpoint_xfer_continue
 .text.tud_mounted
                0x0000000010003a9c       0x10 CMakeFiles/picoRGBstrip.dir/home/asger/pico/pico-sdk/lib/tinyusb/src/device/usbd.c.obj
                0x0000000010003a9c                tud_mounted
 .text.tud_suspended
                0x0000000010003aac       0x10 CMakeFiles/picoRGBstrip.dir/home/asger/pico/pico-sdk/lib/tinyusb/src/device/usbd.c.obj
                0x0000000010003aac                tud_suspended
 .text.tud_inited
                0x0000000010003abc        0xc CMakeFiles/picoRGBstrip.dir/home/asger/pico/pico-sdk/lib/tinyusb/src/device/usbd.c.obj
                0x0000000010003abc                tud_inited
 .text.tud_init
                0x0000000010003ac8       0xd8 CMakeFiles/picoRGBstrip.dir/home/asger/pico/pico-sdk/lib/tinyusb/src/device/usbd.c.obj
                0x0000000010003ac8                tud_init
 .text.tud_task
                0x0000000010003ba0      0x8ec CMakeFiles/picoRGBstrip.dir/home/asger/pico/pico-sdk/lib/tinyusb/src/device/usbd.c.obj
                0x0000000010003ba0                tud_task
 .text.dcd_event_bus_signal
                0x000000001000448c      0x120 CMakeFiles/picoRGBstrip.dir/home/asger/pico/pico-sdk/lib/tinyusb/src/device/usbd.c.obj
                0x000000001000448c                dcd_event_bus_signal
 .text.dcd_event_bus_reset
                0x00000000100045ac       0x54 CMakeFiles/picoRGBstrip.dir/home/asger/pico/pico-sdk/lib/tinyusb/src/device/usbd.c.obj
                0x00000000100045ac                dcd_event_bus_reset
 .text.dcd_event_setup_received
                0x0000000010004600       0x50 CMakeFiles/picoRGBstrip.dir/home/asger/pico/pico-sdk/lib/tinyusb/src/device/usbd.c.obj
                0x0000000010004600                dcd_event_setup_received
 .text.dcd_event_xfer_complete
                0x0000000010004650       0x68 CMakeFiles/picoRGBstrip.dir/home/asger/pico/pico-sdk/lib/tinyusb/src/device/usbd.c.obj
                0x0000000010004650                dcd_event_xfer_complete
 .text.usbd_open_edpt_pair
                0x00000000100046b8       0x80 CMakeFiles/picoRGBstrip.dir/home/asger/pico/pico-sdk/lib/tinyusb/src/device/usbd.c.obj
                0x00000000100046b8                usbd_open_edpt_pair
 .text.usbd_edpt_open
                0x0000000010004738       0x30 CMakeFiles/picoRGBstrip.dir/home/asger/pico/pico-sdk/lib/tinyusb/src/device/usbd.c.obj
                0x0000000010004738                usbd_edpt_open
 .text.usbd_edpt_claim
                0x0000000010004768       0x64 CMakeFiles/picoRGBstrip.dir/home/asger/pico/pico-sdk/lib/tinyusb/src/device/usbd.c.obj
                0x0000000010004768                usbd_edpt_claim
 .text.usbd_edpt_release
                0x00000000100047cc       0x4c CMakeFiles/picoRGBstrip.dir/home/asger/pico/pico-sdk/lib/tinyusb/src/device/usbd.c.obj
                0x00000000100047cc                usbd_edpt_release
 .text.usbd_edpt_xfer
                0x0000000010004818       0x48 CMakeFiles/picoRGBstrip.dir/home/asger/pico/pico-sdk/lib/tinyusb/src/device/usbd.c.obj
                0x0000000010004818                usbd_edpt_xfer
 .text.tud_control_status
                0x0000000010004860       0x30 CMakeFiles/picoRGBstrip.dir/home/asger/pico/pico-sdk/lib/tinyusb/src/device/usbd_control.c.obj
                0x0000000010004860                tud_control_status
 .text.tud_control_xfer
                0x0000000010004890       0xb8 CMakeFiles/picoRGBstrip.dir/home/asger/pico/pico-sdk/lib/tinyusb/src/device/usbd_control.c.obj
                0x0000000010004890                tud_control_xfer
 .text.usbd_control_reset
                0x0000000010004948       0x14 CMakeFiles/picoRGBstrip.dir/home/asger/pico/pico-sdk/lib/tinyusb/src/device/usbd_control.c.obj
                0x0000000010004948                usbd_control_reset
 .text.usbd_control_set_complete_callback
                0x000000001000495c        0xc CMakeFiles/picoRGBstrip.dir/home/asger/pico/pico-sdk/lib/tinyusb/src/device/usbd_control.c.obj
                0x000000001000495c                usbd_control_set_complete_callback
 .text.usbd_control_set_request
                0x0000000010004968       0x1c CMakeFiles/picoRGBstrip.dir/home/asger/pico/pico-sdk/lib/tinyusb/src/device/usbd_control.c.obj
                0x0000000010004968                usbd_control_set_request
 .text.usbd_control_xfer_cb
                0x0000000010004984       0xf8 CMakeFiles/picoRGBstrip.dir/home/asger/pico/pico-sdk/lib/tinyusb/src/device/usbd_control.c.obj
                0x0000000010004984                usbd_control_xfer_cb
 .text.tud_cdc_n_connected
                0x0000000010004a7c       0x30 CMakeFiles/picoRGBstrip.dir/home/asger/pico/pico-sdk/lib/tinyusb/src/class/cdc/cdc_device.c.obj
                0x0000000010004a7c                tud_cdc_n_connected
 .text.tud_cdc_n_available
                0x0000000010004aac       0x18 CMakeFiles/picoRGBstrip.dir/home/asger/pico/pico-sdk/lib/tinyusb/src/class/cdc/cdc_device.c.obj
                0x0000000010004aac                tud_cdc_n_available
 .text.tud_cdc_n_read
                0x0000000010004ac4       0x70 CMakeFiles/picoRGBstrip.dir/home/asger/pico/pico-sdk/lib/tinyusb/src/class/cdc/cdc_device.c.obj
                0x0000000010004ac4                tud_cdc_n_read
 .text.tud_cdc_n_write_flush
                0x0000000010004b34       0x78 CMakeFiles/picoRGBstrip.dir/home/asger/pico/pico-sdk/lib/tinyusb/src/class/cdc/cdc_device.c.obj
                0x0000000010004b34                tud_cdc_n_write_flush
 .text.tud_cdc_n_write
                0x0000000010004bac       0x34 CMakeFiles/picoRGBstrip.dir/home/asger/pico/pico-sdk/lib/tinyusb/src/class/cdc/cdc_device.c.obj
                0x0000000010004bac                tud_cdc_n_write
 .text.tud_cdc_n_write_available
                0x0000000010004be0       0x18 CMakeFiles/picoRGBstrip.dir/home/asger/pico/pico-sdk/lib/tinyusb/src/class/cdc/cdc_device.c.obj
                0x0000000010004be0                tud_cdc_n_write_available
 .text.cdcd_init
                0x0000000010004bf8       0x7c CMakeFiles/picoRGBstrip.dir/home/asger/pico/pico-sdk/lib/tinyusb/src/class/cdc/cdc_device.c.obj
                0x0000000010004bf8                cdcd_init
 .text.cdcd_reset
                0x0000000010004c74       0x2c CMakeFiles/picoRGBstrip.dir/home/asger/pico/pico-sdk/lib/tinyusb/src/class/cdc/cdc_device.c.obj
                0x0000000010004c74                cdcd_reset
 .text.cdcd_open
                0x0000000010004ca0       0xe4 CMakeFiles/picoRGBstrip.dir/home/asger/pico/pico-sdk/lib/tinyusb/src/class/cdc/cdc_device.c.obj
                0x0000000010004ca0                cdcd_open
 .text.cdcd_control_xfer_cb
                0x0000000010004d84       0xe4 CMakeFiles/picoRGBstrip.dir/home/asger/pico/pico-sdk/lib/tinyusb/src/class/cdc/cdc_device.c.obj
                0x0000000010004d84                cdcd_control_xfer_cb
 .text.cdcd_xfer_cb
                0x0000000010004e68      0x198 CMakeFiles/picoRGBstrip.dir/home/asger/pico/pico-sdk/lib/tinyusb/src/class/cdc/cdc_device.c.obj
                0x0000000010004e68                cdcd_xfer_cb
 .text.tusb_init
                0x0000000010005000        0xc CMakeFiles/picoRGBstrip.dir/home/asger/pico/pico-sdk/lib/tinyusb/src/tusb.c.obj
                0x0000000010005000                tusb_init
 .text.tusb_inited
                0x000000001000500c        0x8 CMakeFiles/picoRGBstrip.dir/home/asger/pico/pico-sdk/lib/tinyusb/src/tusb.c.obj
                0x000000001000500c                tusb_inited
 .text.tu_edpt_validate
                0x0000000010005014       0x78 CMakeFiles/picoRGBstrip.dir/home/asger/pico/pico-sdk/lib/tinyusb/src/tusb.c.obj
                0x0000000010005014                tu_edpt_validate
 .text.tu_edpt_bind_driver
                0x000000001000508c       0x2c CMakeFiles/picoRGBstrip.dir/home/asger/pico/pico-sdk/lib/tinyusb/src/tusb.c.obj
                0x000000001000508c                tu_edpt_bind_driver
 .text.tu_fifo_config
                0x00000000100050b8       0x78 CMakeFiles/picoRGBstrip.dir/home/asger/pico/pico-sdk/lib/tinyusb/src/common/tusb_fifo.c.obj
                0x00000000100050b8                tu_fifo_config
 .text.tu_fifo_count
                0x0000000010005130       0x20 CMakeFiles/picoRGBstrip.dir/home/asger/pico/pico-sdk/lib/tinyusb/src/common/tusb_fifo.c.obj
                0x0000000010005130                tu_fifo_count
 .text.tu_fifo_empty
                0x0000000010005150       0x10 CMakeFiles/picoRGBstrip.dir/home/asger/pico/pico-sdk/lib/tinyusb/src/common/tusb_fifo.c.obj
                0x0000000010005150                tu_fifo_empty
 .text.tu_fifo_remaining
                0x0000000010005160       0x1c CMakeFiles/picoRGBstrip.dir/home/asger/pico/pico-sdk/lib/tinyusb/src/common/tusb_fifo.c.obj
                0x0000000010005160                tu_fifo_remaining
 .text.tu_fifo_read
                0x000000001000517c       0x9c CMakeFiles/picoRGBstrip.dir/home/asger/pico/pico-sdk/lib/tinyusb/src/common/tusb_fifo.c.obj
                0x000000001000517c                tu_fifo_read
 .text.tu_fifo_read_n
                0x0000000010005218      0x100 CMakeFiles/picoRGBstrip.dir/home/asger/pico/pico-sdk/lib/tinyusb/src/common/tusb_fifo.c.obj
                0x0000000010005218                tu_fifo_read_n
 .text.tu_fifo_write
                0x0000000010005318       0x7c CMakeFiles/picoRGBstrip.dir/home/asger/pico/pico-sdk/lib/tinyusb/src/common/tusb_fifo.c.obj
                0x0000000010005318                tu_fifo_write
 .text.tu_fifo_write_n
                0x0000000010005394       0xf8 CMakeFiles/picoRGBstrip.dir/home/asger/pico/pico-sdk/lib/tinyusb/src/common/tusb_fifo.c.obj
                0x0000000010005394                tu_fifo_write_n
 .text.tu_fifo_clear
                0x000000001000548c       0x4c CMakeFiles/picoRGBstrip.dir/home/asger/pico/pico-sdk/lib/tinyusb/src/common/tusb_fifo.c.obj
                0x000000001000548c                tu_fifo_clear
 .text.tu_fifo_set_overwritable
                0x00000000100054d8       0x3c CMakeFiles/picoRGBstrip.dir/home/asger/pico/pico-sdk/lib/tinyusb/src/common/tusb_fifo.c.obj
                0x00000000100054d8                tu_fifo_set_overwritable
 .text.startup._retrieve_unique_id_on_boot
                0x0000000010005514       0x10 CMakeFiles/picoRGBstrip.dir/home/asger/pico/pico-sdk/src/rp2_common/pico_unique_id/unique_id.c.obj
 .text.pico_get_unique_board_id_string
                0x0000000010005524      0x1bc CMakeFiles/picoRGBstrip.dir/home/asger/pico/pico-sdk/src/rp2_common/pico_unique_id/unique_id.c.obj
                0x0000000010005524                pico_get_unique_board_id_string
 .text.flash_get_unique_id
                0x00000000100056e0       0x40 CMakeFiles/picoRGBstrip.dir/home/asger/pico/pico-sdk/src/rp2_common/hardware_flash/flash.c.obj
                0x00000000100056e0                flash_get_unique_id
 .text.pio_add_program
                0x0000000010005720       0xe4 CMakeFiles/picoRGBstrip.dir/home/asger/pico/pico-sdk/src/rp2_common/hardware_pio/pio.c.obj
                0x0000000010005720                pio_add_program
 .text.pio_sm_set_pins_with_mask
                0x0000000010005804       0x84 CMakeFiles/picoRGBstrip.dir/home/asger/pico/pico-sdk/src/rp2_common/hardware_pio/pio.c.obj
                0x0000000010005804                pio_sm_set_pins_with_mask
 .text.pio_sm_set_pindirs_with_mask
                0x0000000010005888       0x88 CMakeFiles/picoRGBstrip.dir/home/asger/pico/pico-sdk/src/rp2_common/hardware_pio/pio.c.obj
                0x0000000010005888                pio_sm_set_pindirs_with_mask
 .text.pio_sm_init
                0x0000000010005910       0x90 CMakeFiles/picoRGBstrip.dir/home/asger/pico/pico-sdk/src/rp2_common/hardware_pio/pio.c.obj
                0x0000000010005910                pio_sm_init
 .text          0x00000000100059a0       0x68 /usr/lib/gcc/arm-none-eabi/9.2.1/../../../arm-none-eabi/lib/thumb/v6-m/nofp/libc.a(lib_a-strlen-stub.o)
                0x00000000100059a0                strlen
 *(.fini)
 .fini          0x0000000010005a08        0x4 /usr/lib/gcc/arm-none-eabi/9.2.1/thumb/v6-m/nofp/crti.o
                0x0000000010005a08                _fini
 *fill*         0x0000000010005a0c        0x4 
 .fini.__stub   0x0000000010005a10       0x60 linker stubs
 *crtbegin.o(.ctors)
 *crtbegin?.o(.ctors)
 *(EXCLUDE_FILE(*crtend.o *crtend?.o) .ctors)
 *(SORT_BY_NAME(.ctors.*))
 *(.ctors)
 *crtbegin.o(.dtors)
 *crtbegin?.o(.dtors)
 *(EXCLUDE_FILE(*crtend.o *crtend?.o) .dtors)
 *(SORT_BY_NAME(.dtors.*))
 *(.dtors)
 *(.eh_frame*)
 .eh_frame      0x0000000010005a70        0x0 /usr/lib/gcc/arm-none-eabi/9.2.1/thumb/v6-m/nofp/crtbegin.o
                0x0000000010005a70                . = ALIGN (0x4)

.glue_7         0x0000000010005a70        0x0
 .glue_7        0x0000000010005a70        0x0 linker stubs

.glue_7t        0x0000000010005a70        0x0
 .glue_7t       0x0000000010005a70        0x0 linker stubs

.vfp11_veneer   0x0000000010005a70        0x0
 .vfp11_veneer  0x0000000010005a70        0x0 linker stubs

.v4_bx          0x0000000010005a70        0x0
 .v4_bx         0x0000000010005a70        0x0 linker stubs

.iplt           0x0000000010005a70        0x0
 .iplt          0x0000000010005a70        0x0 /usr/lib/gcc/arm-none-eabi/9.2.1/thumb/v6-m/nofp/crtbegin.o

.rodata         0x0000000010005a70      0x320
 *(EXCLUDE_FILE(*libm.a: *libc.a:*lib_a-mem*.o *libgcc.a:) .rodata*)
 .rodata.apa102_mini_program
                0x0000000010005a70        0x6 CMakeFiles/picoRGBstrip.dir/picoRGBstrip.c.obj
 *fill*         0x0000000010005a76        0x2 
 .rodata.apa102_mini_program_instructions
                0x0000000010005a78        0x4 CMakeFiles/picoRGBstrip.dir/picoRGBstrip.c.obj
 .rodata.spin_lock_claim_unused.str1.4
                0x0000000010005a7c       0x1b CMakeFiles/picoRGBstrip.dir/home/asger/pico/pico-sdk/src/rp2_common/hardware_sync/sync.c.obj
 *fill*         0x0000000010005a97        0x1 
 .rodata.user_irq_claim_unused.str1.4
                0x0000000010005a98       0x1b CMakeFiles/picoRGBstrip.dir/home/asger/pico/pico-sdk/src/rp2_common/hardware_irq/irq.c.obj
 *fill*         0x0000000010005ab3        0x1 
 .rodata.hardware_alarm_claim.str1.4
                0x0000000010005ab4       0x22 CMakeFiles/picoRGBstrip.dir/home/asger/pico/pico-sdk/src/rp2_common/hardware_timer/timer.c.obj
 *fill*         0x0000000010005ad6        0x2 
 .rodata.panic.str1.4
                0x0000000010005ad8       0x12 CMakeFiles/picoRGBstrip.dir/home/asger/pico/pico-sdk/src/rp2_common/pico_runtime/runtime.c.obj
 *fill*         0x0000000010005aea        0x2 
 .rodata.hard_assertion_failure.str1.4
                0x0000000010005aec        0xc CMakeFiles/picoRGBstrip.dir/home/asger/pico/pico-sdk/src/rp2_common/pico_runtime/runtime.c.obj
 .rodata.missing_double_func_shim.str1.4
                0x0000000010005af8       0x18 CMakeFiles/picoRGBstrip.dir/home/asger/pico/pico-sdk/src/rp2_common/pico_double/double_init_rom.c.obj
 .rodata.missing_float_func_shim.str1.4
                0x0000000010005b10       0x18 CMakeFiles/picoRGBstrip.dir/home/asger/pico/pico-sdk/src/rp2_common/pico_float/float_init_rom.c.obj
                                          0x1 (size before relaxing)
 .rodata.str1.4
                0x0000000010005b10       0x48 CMakeFiles/picoRGBstrip.dir/home/asger/pico/pico-sdk/src/rp2_common/pico_standard_link/binary_info.c.obj
 .rodata.__bi_44
                0x0000000010005b58        0xc CMakeFiles/picoRGBstrip.dir/home/asger/pico/pico-sdk/src/rp2_common/pico_standard_link/binary_info.c.obj
 .rodata.__bi_56
                0x0000000010005b64        0xc CMakeFiles/picoRGBstrip.dir/home/asger/pico/pico-sdk/src/rp2_common/pico_standard_link/binary_info.c.obj
 .rodata.__bi_75
                0x0000000010005b70        0xc CMakeFiles/picoRGBstrip.dir/home/asger/pico/pico-sdk/src/rp2_common/pico_standard_link/binary_info.c.obj
 .rodata.__bi_81
                0x0000000010005b7c        0xc CMakeFiles/picoRGBstrip.dir/home/asger/pico/pico-sdk/src/rp2_common/pico_standard_link/binary_info.c.obj
 .rodata.crlf_str.5913
                0x0000000010005b88        0x2 CMakeFiles/picoRGBstrip.dir/home/asger/pico/pico-sdk/src/rp2_common/pico_stdio/stdio.c.obj
 *fill*         0x0000000010005b8a        0x2 
 .rodata._resetd_driver
                0x0000000010005b8c       0x18 CMakeFiles/picoRGBstrip.dir/home/asger/pico/pico-sdk/src/rp2_common/pico_stdio_usb/reset_interface.c.obj
 .rodata.str1.4
                0x0000000010005ba4       0x13 CMakeFiles/picoRGBstrip.dir/home/asger/pico/pico-sdk/src/rp2_common/pico_stdio_usb/stdio_usb.c.obj
 *fill*         0x0000000010005bb7        0x1 
 .rodata.__bi_118.7207
                0x0000000010005bb8        0xc CMakeFiles/picoRGBstrip.dir/home/asger/pico/pico-sdk/src/rp2_common/pico_stdio_usb/stdio_usb.c.obj
 .rodata.str1.4
                0x0000000010005bc4       0x2a CMakeFiles/picoRGBstrip.dir/home/asger/pico/pico-sdk/src/rp2_common/pico_stdio_usb/stdio_usb_descriptors.c.obj
 *fill*         0x0000000010005bee        0x2 
 .rodata.usbd_desc_cfg
                0x0000000010005bf0       0x54 CMakeFiles/picoRGBstrip.dir/home/asger/pico/pico-sdk/src/rp2_common/pico_stdio_usb/stdio_usb_descriptors.c.obj
 .rodata.usbd_desc_device
                0x0000000010005c44       0x12 CMakeFiles/picoRGBstrip.dir/home/asger/pico/pico-sdk/src/rp2_common/pico_stdio_usb/stdio_usb_descriptors.c.obj
 *fill*         0x0000000010005c56        0x2 
 .rodata.usbd_desc_str
                0x0000000010005c58       0x18 CMakeFiles/picoRGBstrip.dir/home/asger/pico/pico-sdk/src/rp2_common/pico_stdio_usb/stdio_usb_descriptors.c.obj
 .rodata.dcd_rp2040_irq.str1.4
                0x0000000010005c70       0x14 CMakeFiles/picoRGBstrip.dir/home/asger/pico/pico-sdk/lib/tinyusb/src/portable/raspberrypi/rp2040/dcd_rp2040.c.obj
 .rodata._hw_endpoint_buffer_control_update32.part.0.str1.4
                0x0000000010005c84       0x1f CMakeFiles/picoRGBstrip.dir/home/asger/pico/pico-sdk/lib/tinyusb/src/portable/raspberrypi/rp2040/rp2040_usb.c.obj
 *fill*         0x0000000010005ca3        0x1 
 .rodata.hw_endpoint_xfer_continue.str1.4
                0x0000000010005ca4       0x29 CMakeFiles/picoRGBstrip.dir/home/asger/pico/pico-sdk/lib/tinyusb/src/portable/raspberrypi/rp2040/rp2040_usb.c.obj
 *fill*         0x0000000010005ccd        0x3 
 .rodata.str1.4
                0x0000000010005cd0        0x7 CMakeFiles/picoRGBstrip.dir/home/asger/pico/pico-sdk/lib/tinyusb/src/portable/raspberrypi/rp2040/rp2040_usb.c.obj
 *fill*         0x0000000010005cd7        0x1 
 .rodata.tud_task
                0x0000000010005cd8       0x8c CMakeFiles/picoRGBstrip.dir/home/asger/pico/pico-sdk/lib/tinyusb/src/device/usbd.c.obj
 .rodata._usbd_driver
                0x0000000010005d64       0x18 CMakeFiles/picoRGBstrip.dir/home/asger/pico/pico-sdk/lib/tinyusb/src/device/usbd.c.obj
 .rodata.pio_add_program.str1.4
                0x0000000010005d7c       0x11 CMakeFiles/picoRGBstrip.dir/home/asger/pico/pico-sdk/src/rp2_common/hardware_pio/pio.c.obj
                0x0000000010005d90                . = ALIGN (0x4)
 *fill*         0x0000000010005d8d        0x3 
 *(SORT_BY_ALIGNMENT(SORT_BY_NAME(.flashdata*)))
                0x0000000010005d90                . = ALIGN (0x4)

.rel.dyn        0x0000000010005d90        0x0
 .rel.iplt      0x0000000010005d90        0x0 /usr/lib/gcc/arm-none-eabi/9.2.1/thumb/v6-m/nofp/crtbegin.o

.ARM.extab
 *(.ARM.extab* .gnu.linkonce.armextab.*)
                0x0000000010005d90                __exidx_start = .

.ARM.exidx
 *(.ARM.exidx* .gnu.linkonce.armexidx.*)
                0x0000000010005d90                __exidx_end = .
                0x0000000010005d90                . = ALIGN (0x4)
                0x0000000010005d90                __binary_info_start = .

.binary_info    0x0000000010005d90       0x24
 *(.binary_info.keep.*)
 .binary_info.keep.__bi_ptr22
                0x0000000010005d90        0x4 CMakeFiles/picoRGBstrip.dir/home/asger/pico/pico-sdk/src/rp2_common/pico_standard_link/binary_info.c.obj
 .binary_info.keep.__bi_ptr30
                0x0000000010005d94        0x4 CMakeFiles/picoRGBstrip.dir/home/asger/pico/pico-sdk/src/rp2_common/pico_standard_link/binary_info.c.obj
 .binary_info.keep.__bi_ptr38
                0x0000000010005d98        0x4 CMakeFiles/picoRGBstrip.dir/home/asger/pico/pico-sdk/src/rp2_common/pico_standard_link/binary_info.c.obj
 .binary_info.keep.__bi_ptr44
                0x0000000010005d9c        0x4 CMakeFiles/picoRGBstrip.dir/home/asger/pico/pico-sdk/src/rp2_common/pico_standard_link/binary_info.c.obj
 .binary_info.keep.__bi_ptr50
                0x0000000010005da0        0x4 CMakeFiles/picoRGBstrip.dir/home/asger/pico/pico-sdk/src/rp2_common/pico_standard_link/binary_info.c.obj
 .binary_info.keep.__bi_ptr56
                0x0000000010005da4        0x4 CMakeFiles/picoRGBstrip.dir/home/asger/pico/pico-sdk/src/rp2_common/pico_standard_link/binary_info.c.obj
 .binary_info.keep.__bi_ptr75
                0x0000000010005da8        0x4 CMakeFiles/picoRGBstrip.dir/home/asger/pico/pico-sdk/src/rp2_common/pico_standard_link/binary_info.c.obj
 .binary_info.keep.__bi_ptr81
                0x0000000010005dac        0x4 CMakeFiles/picoRGBstrip.dir/home/asger/pico/pico-sdk/src/rp2_common/pico_standard_link/binary_info.c.obj
 *(.binary_info.*)
 .binary_info.__bi_ptr118
                0x0000000010005db0        0x4 CMakeFiles/picoRGBstrip.dir/home/asger/pico/pico-sdk/src/rp2_common/pico_stdio_usb/stdio_usb.c.obj
                0x0000000010005db4                __binary_info_end = .
                0x0000000010005db4                . = ALIGN (0x4)
                0x0000000010005db4                __etext = .

.ram_vector_table
                0x0000000020000000       0xc0
 *(.ram_vector_table)
 .ram_vector_table
                0x0000000020000000       0xc0 CMakeFiles/picoRGBstrip.dir/home/asger/pico/pico-sdk/src/rp2_common/pico_runtime/runtime.c.obj
                0x0000000020000000                ram_vector_table

.data           0x00000000200000c0      0x3c0 load address 0x0000000010005db4
                0x00000000200000c0                __data_start__ = .
 *(vtable)
 *(.time_critical*)
 .time_critical.mutex_enter_blocking
                0x00000000200000c0       0x48 CMakeFiles/picoRGBstrip.dir/home/asger/pico/pico-sdk/src/common/pico_sync/mutex.c.obj
                0x00000000200000c0                mutex_enter_blocking
 .time_critical.mutex_try_enter
                0x0000000020000108       0x48 CMakeFiles/picoRGBstrip.dir/home/asger/pico/pico-sdk/src/common/pico_sync/mutex.c.obj
                0x0000000020000108                mutex_try_enter
 .time_critical.mutex_enter_timeout_ms
                0x0000000020000150       0x98 CMakeFiles/picoRGBstrip.dir/home/asger/pico/pico-sdk/src/common/pico_sync/mutex.c.obj
                0x0000000020000150                mutex_enter_timeout_ms
 .time_critical.mutex_exit
                0x00000000200001e8       0x28 CMakeFiles/picoRGBstrip.dir/home/asger/pico/pico-sdk/src/common/pico_sync/mutex.c.obj
                0x00000000200001e8                mutex_exit
 .time_critical.flash_init_boot2_copyout
                0x0000000020000210       0x30 CMakeFiles/picoRGBstrip.dir/home/asger/pico/pico-sdk/src/rp2_common/hardware_flash/flash.c.obj
 .time_critical.flash_enable_xip_via_boot2
                0x0000000020000240       0x10 CMakeFiles/picoRGBstrip.dir/home/asger/pico/pico-sdk/src/rp2_common/hardware_flash/flash.c.obj
 .time_critical.flash_cs_force
                0x0000000020000250       0x38 CMakeFiles/picoRGBstrip.dir/home/asger/pico/pico-sdk/src/rp2_common/hardware_flash/flash.c.obj
 .time_critical.flash_do_cmd
                0x0000000020000288       0xc4 CMakeFiles/picoRGBstrip.dir/home/asger/pico/pico-sdk/src/rp2_common/hardware_flash/flash.c.obj
                0x0000000020000288                flash_do_cmd
 *(.text*)
 .text          0x000000002000034c        0x4 /usr/lib/gcc/arm-none-eabi/9.2.1/thumb/v6-m/nofp/libgcc.a(_dvmd_tls.o)
                0x000000002000034c                __aeabi_ldiv0
                0x000000002000034c                __aeabi_idiv0
 .text.__stub   0x0000000020000350       0x30 linker stubs
                0x0000000020000380                . = ALIGN (0x4)
 *(.rodata*)
                0x0000000020000380                . = ALIGN (0x4)
 *(.data*)
 .data.striped_spin_lock_num
                0x0000000020000380        0x1 CMakeFiles/picoRGBstrip.dir/home/asger/pico/pico-sdk/src/rp2_common/hardware_sync/sync.c.obj
 *fill*         0x0000000020000381        0x3 
 .data          0x0000000020000384       0x48 CMakeFiles/picoRGBstrip.dir/home/asger/pico/pico-sdk/src/rp2_common/hardware_irq/irq_handler_chain.S.obj
                0x0000000020000384                irq_handler_chain_slots
                0x00000000200003b4                irq_handler_chain_first_slot
                0x00000000200003be                irq_handler_chain_remove_tail
 .data.default_alarm_pool
                0x00000000200003cc       0x18 CMakeFiles/picoRGBstrip.dir/home/asger/pico/pico-sdk/src/common/pico_time/time.c.obj
 .data.default_alarm_pool_heap
                0x00000000200003e4       0x10 CMakeFiles/picoRGBstrip.dir/home/asger/pico/pico-sdk/src/common/pico_time/time.c.obj
 *fill*         0x00000000200003f4        0xc 
 .data.aeabi_bits_funcs
                0x0000000020000400       0x10 CMakeFiles/picoRGBstrip.dir/home/asger/pico/pico-sdk/src/rp2_common/pico_bit_ops/bit_ops_aeabi.S.obj
                0x0000000020000400                aeabi_bits_funcs
                0x0000000020000410                aeabi_bits_funcs_end
 .data.aeabi_mem_funcs
                0x0000000020000410       0x10 CMakeFiles/picoRGBstrip.dir/home/asger/pico/pico-sdk/src/rp2_common/pico_mem_ops/mem_ops_aeabi.S.obj
                0x0000000020000410                aeabi_mem_funcs
                0x0000000020000420                aeabi_mem_funcs_end
 .data.stdio_usb
                0x0000000020000420       0x14 CMakeFiles/picoRGBstrip.dir/home/asger/pico/pico-sdk/src/rp2_common/pico_stdio_usb/stdio_usb.c.obj
                0x0000000020000420                stdio_usb
 .data.ep_dir_string
                0x0000000020000434        0x8 CMakeFiles/picoRGBstrip.dir/home/asger/pico/pico-sdk/lib/tinyusb/src/portable/raspberrypi/rp2040/rp2040_usb.c.obj
                0x0000000020000434                ep_dir_string
 .data._usbd_qdef
                0x000000002000043c       0x24 CMakeFiles/picoRGBstrip.dir/home/asger/pico/pico-sdk/lib/tinyusb/src/device/usbd.c.obj
                0x000000002000043c                _usbd_qdef
                0x0000000020000460                . = ALIGN (0x4)
 *(.after_data.*)
                0x0000000020000460                . = ALIGN (0x4)
                0x0000000020000460                PROVIDE (__mutex_array_start = .)
 *(SORT_BY_NAME(.mutex_array.*))
 *(.mutex_array)
 .mutex_array   0x0000000020000460        0x8 CMakeFiles/picoRGBstrip.dir/home/asger/pico/pico-sdk/src/rp2_common/pico_stdio/stdio.c.obj
                0x0000000020000468                PROVIDE (__mutex_array_end = .)
                0x0000000020000468                . = ALIGN (0x4)
                0x0000000020000468                PROVIDE (__preinit_array_start = .)
 *(SORT_BY_NAME(.preinit_array.*))
 .preinit_array.00001
                0x0000000020000468        0x4 CMakeFiles/picoRGBstrip.dir/home/asger/pico/pico-sdk/src/rp2_common/pico_mem_ops/mem_ops_aeabi.S.obj
 .preinit_array.00010
                0x000000002000046c        0x4 CMakeFiles/picoRGBstrip.dir/home/asger/pico/pico-sdk/src/rp2_common/pico_bit_ops/bit_ops_aeabi.S.obj
 .preinit_array.00020
                0x0000000020000470        0x4 CMakeFiles/picoRGBstrip.dir/home/asger/pico/pico-sdk/src/rp2_common/pico_double/double_aeabi.S.obj
 .preinit_array.00020
                0x0000000020000474        0x4 CMakeFiles/picoRGBstrip.dir/home/asger/pico/pico-sdk/src/rp2_common/pico_float/float_aeabi.S.obj
 *(.preinit_array)
                0x0000000020000478                PROVIDE (__preinit_array_end = .)
                0x0000000020000478                . = ALIGN (0x4)
                0x0000000020000478                PROVIDE (__init_array_start = .)
 *(SORT_BY_NAME(.init_array.*))
 *(.init_array)
 .init_array    0x0000000020000478        0x4 /usr/lib/gcc/arm-none-eabi/9.2.1/thumb/v6-m/nofp/crtbegin.o
 .init_array    0x000000002000047c        0x4 CMakeFiles/picoRGBstrip.dir/home/asger/pico/pico-sdk/src/rp2_common/pico_unique_id/unique_id.c.obj
                0x0000000020000480                PROVIDE (__init_array_end = .)
                0x0000000020000480                . = ALIGN (0x4)
                0x0000000020000480                PROVIDE (__fini_array_start = .)
 *(SORT_BY_NAME(.fini_array.*))
 *(.fini_array)
                0x0000000020000480                PROVIDE (__fini_array_end = .)
 *(.jcr)
                0x0000000020000480                . = ALIGN (0x4)
                0x0000000020000480                __data_end__ = .

.tm_clone_table
                0x0000000020000480        0x0 load address 0x0000000010006174
 .tm_clone_table
                0x0000000020000480        0x0 /usr/lib/gcc/arm-none-eabi/9.2.1/thumb/v6-m/nofp/crtbegin.o
 .tm_clone_table
                0x0000000020000480        0x0 /usr/lib/gcc/arm-none-eabi/9.2.1/thumb/v6-m/nofp/crtend.o

.igot.plt       0x0000000020000480        0x0 load address 0x0000000010006174
 .igot.plt      0x0000000020000480        0x0 /usr/lib/gcc/arm-none-eabi/9.2.1/thumb/v6-m/nofp/crtbegin.o

.uninitialized_data
                0x0000000020000480        0x0 load address 0x0000000010006174
                0x0000000020000480                . = ALIGN (0x4)
 *(.uninitialized_data*)

.scratch_x      0x0000000020040000        0x0 load address 0x0000000010006174
                0x0000000020040000                __scratch_x_start__ = .
 *(.scratch_x.*)
                0x0000000020040000                . = ALIGN (0x4)
                0x0000000020040000                __scratch_x_end__ = .
                0x0000000010006174                __scratch_x_source__ = LOADADDR (.scratch_x)

.scratch_y      0x0000000020041000        0x0 load address 0x0000000010006174
                0x0000000020041000                __scratch_y_start__ = .
 *(.scratch_y.*)
                0x0000000020041000                . = ALIGN (0x4)
                0x0000000020041000                __scratch_y_end__ = .
                0x0000000010006174                __scratch_y_source__ = LOADADDR (.scratch_y)

.bss            0x0000000020000480      0xe90
                0x0000000020000480                . = ALIGN (0x4)
                0x0000000020000480                __bss_start__ = .
 *(SORT_BY_ALIGNMENT(SORT_BY_NAME(.bss*)))
 .bss.default_alarm_pool_entries
                0x0000000020000480      0x100 CMakeFiles/picoRGBstrip.dir/home/asger/pico/pico-sdk/src/common/pico_time/time.c.obj
 .bss.last_avail_time.7186
                0x0000000020000580        0x8 CMakeFiles/picoRGBstrip.dir/home/asger/pico/pico-sdk/src/rp2_common/pico_stdio_usb/stdio_usb.c.obj
 .bss           0x0000000020000588       0x1c /usr/lib/gcc/arm-none-eabi/9.2.1/thumb/v6-m/nofp/crtbegin.o
 .bss._app_driver
                0x00000000200005a4        0x4 CMakeFiles/picoRGBstrip.dir/home/asger/pico/pico-sdk/lib/tinyusb/src/device/usbd.c.obj
 .bss._cdcd_itf
                0x00000000200005a8      0x2d8 CMakeFiles/picoRGBstrip.dir/home/asger/pico/pico-sdk/lib/tinyusb/src/class/cdc/cdc_device.c.obj
 .bss._ctrl_xfer
                0x0000000020000880       0x14 CMakeFiles/picoRGBstrip.dir/home/asger/pico/pico-sdk/lib/tinyusb/src/device/usbd_control.c.obj
 .bss._ubsd_mutexdef
                0x0000000020000894        0x8 CMakeFiles/picoRGBstrip.dir/home/asger/pico/pico-sdk/lib/tinyusb/src/device/usbd.c.obj
 .bss._usbd_ctrl_buf
                0x000000002000089c       0x40 CMakeFiles/picoRGBstrip.dir/home/asger/pico/pico-sdk/lib/tinyusb/src/device/usbd_control.c.obj
 .bss._usbd_dev
                0x00000000200008dc       0x53 CMakeFiles/picoRGBstrip.dir/home/asger/pico/pico-sdk/lib/tinyusb/src/device/usbd.c.obj
 *fill*         0x000000002000092f        0x1 
 .bss._usbd_mutex
                0x0000000020000930        0x4 CMakeFiles/picoRGBstrip.dir/home/asger/pico/pico-sdk/lib/tinyusb/src/device/usbd.c.obj
 .bss._usbd_q   0x0000000020000934        0x4 CMakeFiles/picoRGBstrip.dir/home/asger/pico/pico-sdk/lib/tinyusb/src/device/usbd.c.obj
 .bss._used_instruction_space
                0x0000000020000938        0x8 CMakeFiles/picoRGBstrip.dir/home/asger/pico/pico-sdk/src/rp2_common/hardware_pio/pio.c.obj
 .bss.alarm_callbacks
                0x0000000020000940       0x10 CMakeFiles/picoRGBstrip.dir/home/asger/pico/pico-sdk/src/rp2_common/hardware_timer/timer.c.obj
 .bss.boot2_copyout
                0x0000000020000950      0x100 CMakeFiles/picoRGBstrip.dir/home/asger/pico/pico-sdk/src/rp2_common/hardware_flash/flash.c.obj
 .bss.claimed   0x0000000020000a50        0x4 CMakeFiles/picoRGBstrip.dir/home/asger/pico/pico-sdk/src/rp2_common/hardware_sync/sync.c.obj
 .bss.configured_freq
                0x0000000020000a54       0x28 CMakeFiles/picoRGBstrip.dir/home/asger/pico/pico-sdk/src/rp2_common/hardware_clocks/clocks.c.obj
 .bss.default_alarm_pool_entry_ids_high
                0x0000000020000a7c       0x10 CMakeFiles/picoRGBstrip.dir/home/asger/pico/pico-sdk/src/common/pico_time/time.c.obj
 .bss.default_alarm_pool_heap_nodes
                0x0000000020000a8c       0x30 CMakeFiles/picoRGBstrip.dir/home/asger/pico/pico-sdk/src/common/pico_time/time.c.obj
 .bss.desc_str.7071
                0x0000000020000abc       0x28 CMakeFiles/picoRGBstrip.dir/home/asger/pico/pico-sdk/src/rp2_common/pico_stdio_usb/stdio_usb_descriptors.c.obj
 .bss.drivers   0x0000000020000ae4        0x4 CMakeFiles/picoRGBstrip.dir/home/asger/pico/pico-sdk/src/rp2_common/pico_stdio/stdio.c.obj
 .bss.filter    0x0000000020000ae8        0x4 CMakeFiles/picoRGBstrip.dir/home/asger/pico/pico-sdk/src/rp2_common/pico_stdio/stdio.c.obj
 .bss.hw_endpoints
                0x0000000020000aec      0x400 CMakeFiles/picoRGBstrip.dir/home/asger/pico/pico-sdk/lib/tinyusb/src/portable/raspberrypi/rp2040/dcd_rp2040.c.obj
 .bss.lazy_vsnprintf
                0x0000000020000eec        0x4 CMakeFiles/picoRGBstrip.dir/home/asger/pico/pico-sdk/src/rp2_common/pico_printf/printf.c.obj
 .bss.load_value
                0x0000000020000ef0        0x4 CMakeFiles/picoRGBstrip.dir/home/asger/pico/pico-sdk/src/rp2_common/hardware_watchdog/watchdog.c.obj
 .bss.next_buffer_ptr
                0x0000000020000ef4        0x4 CMakeFiles/picoRGBstrip.dir/home/asger/pico/pico-sdk/lib/tinyusb/src/portable/raspberrypi/rp2040/dcd_rp2040.c.obj
 .bss.pools     0x0000000020000ef8       0x10 CMakeFiles/picoRGBstrip.dir/home/asger/pico/pico-sdk/src/common/pico_time/time.c.obj
 .bss.retrieved_id
                0x0000000020000f08        0x8 CMakeFiles/picoRGBstrip.dir/home/asger/pico/pico-sdk/src/rp2_common/pico_unique_id/unique_id.c.obj
 .bss.sf_clz_func
                0x0000000020000f10        0x4 CMakeFiles/picoRGBstrip.dir/home/asger/pico/pico-sdk/src/rp2_common/pico_double/double_init_rom.c.obj
                0x0000000020000f10                sf_clz_func
 .bss.sleep_notifier
                0x0000000020000f14        0x4 CMakeFiles/picoRGBstrip.dir/home/asger/pico/pico-sdk/src/common/pico_time/time.c.obj
 .bss.stdio_usb_mutex
                0x0000000020000f18        0x8 CMakeFiles/picoRGBstrip.dir/home/asger/pico/pico-sdk/src/rp2_common/pico_stdio_usb/stdio_usb.c.obj
 .bss.target_hi
                0x0000000020000f20       0x10 CMakeFiles/picoRGBstrip.dir/home/asger/pico/pico-sdk/src/rp2_common/hardware_timer/timer.c.obj
 .bss.usbd_serial_str
                0x0000000020000f30       0x11 CMakeFiles/picoRGBstrip.dir/home/asger/pico/pico-sdk/src/rp2_common/pico_stdio_usb/stdio_usb_descriptors.c.obj
 *fill*         0x0000000020000f41        0x3 
 .bss.user_irq_claimed
                0x0000000020000f44        0x2 CMakeFiles/picoRGBstrip.dir/home/asger/pico/pico-sdk/src/rp2_common/hardware_irq/irq.c.obj
 .bss._app_driver_count
                0x0000000020000f46        0x1 CMakeFiles/picoRGBstrip.dir/home/asger/pico/pico-sdk/lib/tinyusb/src/device/usbd.c.obj
 .bss._usbd_initialized
                0x0000000020000f47        0x1 CMakeFiles/picoRGBstrip.dir/home/asger/pico/pico-sdk/lib/tinyusb/src/device/usbd.c.obj
 .bss.boot2_copyout_valid
                0x0000000020000f48        0x1 CMakeFiles/picoRGBstrip.dir/home/asger/pico/pico-sdk/src/rp2_common/hardware_flash/flash.c.obj
 .bss.claimed   0x0000000020000f49        0x1 CMakeFiles/picoRGBstrip.dir/home/asger/pico/pico-sdk/src/rp2_common/hardware_timer/timer.c.obj
 .bss.irq_hander_chain_free_slot_head
                0x0000000020000f4a        0x1 CMakeFiles/picoRGBstrip.dir/home/asger/pico/pico-sdk/src/rp2_common/hardware_irq/irq.c.obj
 .bss.itf_num   0x0000000020000f4b        0x1 CMakeFiles/picoRGBstrip.dir/home/asger/pico/pico-sdk/src/rp2_common/pico_stdio_usb/reset_interface.c.obj
 .bss.low_priority_irq_num
                0x0000000020000f4c        0x1 CMakeFiles/picoRGBstrip.dir/home/asger/pico/pico-sdk/src/rp2_common/pico_stdio_usb/stdio_usb.c.obj
 .bss.timer_callbacks_pending
                0x0000000020000f4d        0x1 CMakeFiles/picoRGBstrip.dir/home/asger/pico/pico-sdk/src/rp2_common/hardware_timer/timer.c.obj
 *(COMMON)
 *fill*         0x0000000020000f4e        0x2 
 COMMON         0x0000000020000f50      0x100 CMakeFiles/picoRGBstrip.dir/picoRGBstrip.c.obj
                0x0000000020000f50                wave_table
 COMMON         0x0000000020001050      0x100 CMakeFiles/picoRGBstrip.dir/home/asger/pico/pico-sdk/src/rp2_common/pico_double/double_init_rom.c.obj
                0x0000000020001050                sd_table
 COMMON         0x0000000020001150      0x100 CMakeFiles/picoRGBstrip.dir/home/asger/pico/pico-sdk/src/rp2_common/pico_float/float_init_rom.c.obj
                0x0000000020001150                sf_table
 COMMON         0x0000000020001250       0xc0 CMakeFiles/picoRGBstrip.dir/home/asger/pico/pico-sdk/lib/tinyusb/src/device/usbd.c.obj
                0x0000000020001250                _usbd_qdef_buf
                0x0000000020001310                . = ALIGN (0x4)
                0x0000000020001310                __bss_end__ = .

.heap           0x0000000020001310      0x800
                0x0000000020001310                __end__ = .
                0x0000000020001310                end = __end__
 *(.heap*)
 .heap          0x0000000020001310      0x800 CMakeFiles/picoRGBstrip.dir/home/asger/pico/pico-sdk/src/rp2_common/pico_standard_link/crt0.S.obj
                0x0000000020001b10                __HeapLimit = .

.stack1_dummy   0x0000000020040000        0x0
 *(.stack1*)

.stack_dummy    0x0000000020041000      0x800
 *(.stack*)
 .stack         0x0000000020041000      0x800 CMakeFiles/picoRGBstrip.dir/home/asger/pico/pico-sdk/src/rp2_common/pico_standard_link/crt0.S.obj

.flash_end      0x0000000010006174        0x0
                0x0000000010006174                __flash_binary_end = .
                0x0000000020040000                __StackLimit = (ORIGIN (RAM) + LENGTH (RAM))
                0x0000000020041000                __StackOneTop = (ORIGIN (SCRATCH_X) + LENGTH (SCRATCH_X))
                0x0000000020042000                __StackTop = (ORIGIN (SCRATCH_Y) + LENGTH (SCRATCH_Y))
                0x0000000020041000                __StackOneBottom = (__StackOneTop - SIZEOF (.stack1_dummy))
                0x0000000020041800                __StackBottom = (__StackTop - SIZEOF (.stack_dummy))
                0x0000000020042000                PROVIDE (__stack = __StackTop)
                0x0000000000000001                ASSERT ((__StackLimit >= __HeapLimit), region RAM overflowed)
                0x0000000000000001                ASSERT (((__binary_info_header_end - __logical_binary_start) <= 0x100), Binary info must be in first 256 bytes of the binary)
LOAD CMakeFiles/picoRGBstrip.dir/picoRGBstrip.c.obj
LOAD CMakeFiles/picoRGBstrip.dir/home/asger/pico/pico-sdk/src/rp2_common/pico_stdlib/stdlib.c.obj
LOAD CMakeFiles/picoRGBstrip.dir/home/asger/pico/pico-sdk/src/rp2_common/hardware_gpio/gpio.c.obj
LOAD CMakeFiles/picoRGBstrip.dir/home/asger/pico/pico-sdk/src/rp2_common/hardware_claim/claim.c.obj
LOAD CMakeFiles/picoRGBstrip.dir/home/asger/pico/pico-sdk/src/rp2_common/pico_platform/platform.c.obj
LOAD CMakeFiles/picoRGBstrip.dir/home/asger/pico/pico-sdk/src/rp2_common/hardware_sync/sync.c.obj
LOAD CMakeFiles/picoRGBstrip.dir/home/asger/pico/pico-sdk/src/rp2_common/hardware_irq/irq.c.obj
LOAD CMakeFiles/picoRGBstrip.dir/home/asger/pico/pico-sdk/src/rp2_common/hardware_irq/irq_handler_chain.S.obj
LOAD CMakeFiles/picoRGBstrip.dir/home/asger/pico/pico-sdk/src/common/pico_sync/sem.c.obj
LOAD CMakeFiles/picoRGBstrip.dir/home/asger/pico/pico-sdk/src/common/pico_sync/lock_core.c.obj
LOAD CMakeFiles/picoRGBstrip.dir/home/asger/pico/pico-sdk/src/common/pico_time/time.c.obj
LOAD CMakeFiles/picoRGBstrip.dir/home/asger/pico/pico-sdk/src/common/pico_time/timeout_helper.c.obj
LOAD CMakeFiles/picoRGBstrip.dir/home/asger/pico/pico-sdk/src/rp2_common/hardware_timer/timer.c.obj
LOAD CMakeFiles/picoRGBstrip.dir/home/asger/pico/pico-sdk/src/common/pico_util/datetime.c.obj
LOAD CMakeFiles/picoRGBstrip.dir/home/asger/pico/pico-sdk/src/common/pico_util/pheap.c.obj
LOAD CMakeFiles/picoRGBstrip.dir/home/asger/pico/pico-sdk/src/common/pico_util/queue.c.obj
LOAD CMakeFiles/picoRGBstrip.dir/home/asger/pico/pico-sdk/src/common/pico_sync/mutex.c.obj
LOAD CMakeFiles/picoRGBstrip.dir/home/asger/pico/pico-sdk/src/common/pico_sync/critical_section.c.obj
LOAD CMakeFiles/picoRGBstrip.dir/home/asger/pico/pico-sdk/src/rp2_common/hardware_uart/uart.c.obj
LOAD CMakeFiles/picoRGBstrip.dir/home/asger/pico/pico-sdk/src/rp2_common/hardware_divider/divider.S.obj
LOAD CMakeFiles/picoRGBstrip.dir/home/asger/pico/pico-sdk/src/rp2_common/pico_runtime/runtime.c.obj
LOAD CMakeFiles/picoRGBstrip.dir/home/asger/pico/pico-sdk/src/rp2_common/hardware_clocks/clocks.c.obj
LOAD CMakeFiles/picoRGBstrip.dir/home/asger/pico/pico-sdk/src/rp2_common/hardware_pll/pll.c.obj
LOAD CMakeFiles/picoRGBstrip.dir/home/asger/pico/pico-sdk/src/rp2_common/hardware_vreg/vreg.c.obj
LOAD CMakeFiles/picoRGBstrip.dir/home/asger/pico/pico-sdk/src/rp2_common/hardware_watchdog/watchdog.c.obj
LOAD CMakeFiles/picoRGBstrip.dir/home/asger/pico/pico-sdk/src/rp2_common/hardware_xosc/xosc.c.obj
LOAD CMakeFiles/picoRGBstrip.dir/home/asger/pico/pico-sdk/src/rp2_common/pico_printf/printf.c.obj
LOAD CMakeFiles/picoRGBstrip.dir/home/asger/pico/pico-sdk/src/rp2_common/pico_bit_ops/bit_ops_aeabi.S.obj
LOAD CMakeFiles/picoRGBstrip.dir/home/asger/pico/pico-sdk/src/rp2_common/pico_bootrom/bootrom.c.obj
LOAD CMakeFiles/picoRGBstrip.dir/home/asger/pico/pico-sdk/src/rp2_common/pico_divider/divider.S.obj
LOAD CMakeFiles/picoRGBstrip.dir/home/asger/pico/pico-sdk/src/rp2_common/pico_double/double_aeabi.S.obj
LOAD CMakeFiles/picoRGBstrip.dir/home/asger/pico/pico-sdk/src/rp2_common/pico_double/double_init_rom.c.obj
LOAD CMakeFiles/picoRGBstrip.dir/home/asger/pico/pico-sdk/src/rp2_common/pico_double/double_math.c.obj
LOAD CMakeFiles/picoRGBstrip.dir/home/asger/pico/pico-sdk/src/rp2_common/pico_double/double_v1_rom_shim.S.obj
LOAD CMakeFiles/picoRGBstrip.dir/home/asger/pico/pico-sdk/src/rp2_common/pico_int64_ops/pico_int64_ops_aeabi.S.obj
LOAD CMakeFiles/picoRGBstrip.dir/home/asger/pico/pico-sdk/src/rp2_common/pico_float/float_aeabi.S.obj
LOAD CMakeFiles/picoRGBstrip.dir/home/asger/pico/pico-sdk/src/rp2_common/pico_float/float_init_rom.c.obj
LOAD CMakeFiles/picoRGBstrip.dir/home/asger/pico/pico-sdk/src/rp2_common/pico_float/float_math.c.obj
LOAD CMakeFiles/picoRGBstrip.dir/home/asger/pico/pico-sdk/src/rp2_common/pico_float/float_v1_rom_shim.S.obj
LOAD CMakeFiles/picoRGBstrip.dir/home/asger/pico/pico-sdk/src/rp2_common/pico_malloc/pico_malloc.c.obj
LOAD CMakeFiles/picoRGBstrip.dir/home/asger/pico/pico-sdk/src/rp2_common/pico_mem_ops/mem_ops_aeabi.S.obj
LOAD CMakeFiles/picoRGBstrip.dir/home/asger/pico/pico-sdk/src/rp2_common/pico_standard_link/crt0.S.obj
LOAD CMakeFiles/picoRGBstrip.dir/home/asger/pico/pico-sdk/src/rp2_common/pico_standard_link/new_delete.cpp.obj
LOAD CMakeFiles/picoRGBstrip.dir/home/asger/pico/pico-sdk/src/rp2_common/pico_standard_link/binary_info.c.obj
LOAD CMakeFiles/picoRGBstrip.dir/home/asger/pico/pico-sdk/src/rp2_common/pico_stdio/stdio.c.obj
LOAD CMakeFiles/picoRGBstrip.dir/home/asger/pico/pico-sdk/src/rp2_common/pico_stdio_usb/reset_interface.c.obj
LOAD CMakeFiles/picoRGBstrip.dir/home/asger/pico/pico-sdk/src/rp2_common/pico_stdio_usb/stdio_usb.c.obj
LOAD CMakeFiles/picoRGBstrip.dir/home/asger/pico/pico-sdk/src/rp2_common/pico_stdio_usb/stdio_usb_descriptors.c.obj
LOAD CMakeFiles/picoRGBstrip.dir/home/asger/pico/pico-sdk/lib/tinyusb/src/portable/raspberrypi/rp2040/dcd_rp2040.c.obj
LOAD CMakeFiles/picoRGBstrip.dir/home/asger/pico/pico-sdk/lib/tinyusb/src/portable/raspberrypi/rp2040/rp2040_usb.c.obj
LOAD CMakeFiles/picoRGBstrip.dir/home/asger/pico/pico-sdk/lib/tinyusb/src/device/usbd.c.obj
LOAD CMakeFiles/picoRGBstrip.dir/home/asger/pico/pico-sdk/lib/tinyusb/src/device/usbd_control.c.obj
LOAD CMakeFiles/picoRGBstrip.dir/home/asger/pico/pico-sdk/lib/tinyusb/src/class/audio/audio_device.c.obj
LOAD CMakeFiles/picoRGBstrip.dir/home/asger/pico/pico-sdk/lib/tinyusb/src/class/cdc/cdc_device.c.obj
LOAD CMakeFiles/picoRGBstrip.dir/home/asger/pico/pico-sdk/lib/tinyusb/src/class/dfu/dfu_device.c.obj
LOAD CMakeFiles/picoRGBstrip.dir/home/asger/pico/pico-sdk/lib/tinyusb/src/class/dfu/dfu_rt_device.c.obj
LOAD CMakeFiles/picoRGBstrip.dir/home/asger/pico/pico-sdk/lib/tinyusb/src/class/hid/hid_device.c.obj
LOAD CMakeFiles/picoRGBstrip.dir/home/asger/pico/pico-sdk/lib/tinyusb/src/class/midi/midi_device.c.obj
LOAD CMakeFiles/picoRGBstrip.dir/home/asger/pico/pico-sdk/lib/tinyusb/src/class/msc/msc_device.c.obj
LOAD CMakeFiles/picoRGBstrip.dir/home/asger/pico/pico-sdk/lib/tinyusb/src/class/net/ecm_rndis_device.c.obj
LOAD CMakeFiles/picoRGBstrip.dir/home/asger/pico/pico-sdk/lib/tinyusb/src/class/net/ncm_device.c.obj
LOAD CMakeFiles/picoRGBstrip.dir/home/asger/pico/pico-sdk/lib/tinyusb/src/class/usbtmc/usbtmc_device.c.obj
LOAD CMakeFiles/picoRGBstrip.dir/home/asger/pico/pico-sdk/lib/tinyusb/src/class/vendor/vendor_device.c.obj
LOAD CMakeFiles/picoRGBstrip.dir/home/asger/pico/pico-sdk/lib/tinyusb/src/class/video/video_device.c.obj
LOAD CMakeFiles/picoRGBstrip.dir/home/asger/pico/pico-sdk/lib/tinyusb/src/tusb.c.obj
LOAD CMakeFiles/picoRGBstrip.dir/home/asger/pico/pico-sdk/lib/tinyusb/src/common/tusb_fifo.c.obj
LOAD CMakeFiles/picoRGBstrip.dir/home/asger/pico/pico-sdk/src/rp2_common/pico_fix/rp2040_usb_device_enumeration/rp2040_usb_device_enumeration.c.obj
LOAD CMakeFiles/picoRGBstrip.dir/home/asger/pico/pico-sdk/src/rp2_common/pico_unique_id/unique_id.c.obj
LOAD CMakeFiles/picoRGBstrip.dir/home/asger/pico/pico-sdk/src/rp2_common/hardware_flash/flash.c.obj
LOAD CMakeFiles/picoRGBstrip.dir/home/asger/pico/pico-sdk/src/rp2_common/pico_cyw43_arch/cyw43_arch.c.obj
LOAD CMakeFiles/picoRGBstrip.dir/home/asger/pico/pico-sdk/src/rp2_common/pico_cyw43_arch/cyw43_arch_poll.c.obj
LOAD CMakeFiles/picoRGBstrip.dir/home/asger/pico/pico-sdk/src/rp2_common/pico_cyw43_arch/cyw43_arch_threadsafe_background.c.obj
LOAD CMakeFiles/picoRGBstrip.dir/home/asger/pico/pico-sdk/src/rp2_common/pico_cyw43_arch/cyw43_arch_freertos.c.obj
LOAD CMakeFiles/picoRGBstrip.dir/home/asger/pico/pico-sdk/src/rp2_common/cyw43_driver/cyw43_bus_pio_spi.c.obj
LOAD CMakeFiles/picoRGBstrip.dir/home/asger/pico/pico-sdk/lib/cyw43-driver/src/cyw43_ll.c.obj
LOAD CMakeFiles/picoRGBstrip.dir/home/asger/pico/pico-sdk/lib/cyw43-driver/src/cyw43_stats.c.obj
LOAD CMakeFiles/picoRGBstrip.dir/home/asger/pico/pico-sdk/lib/cyw43-driver/src/cyw43_lwip.c.obj
LOAD CMakeFiles/picoRGBstrip.dir/home/asger/pico/pico-sdk/lib/cyw43-driver/src/cyw43_ctrl.c.obj
LOAD CMakeFiles/picoRGBstrip.dir/home/asger/pico/pico-sdk/src/rp2_common/hardware_pio/pio.c.obj
LOAD CMakeFiles/picoRGBstrip.dir/home/asger/pico/pico-sdk/src/rp2_common/hardware_dma/dma.c.obj
LOAD CMakeFiles/picoRGBstrip.dir/home/asger/pico/pico-sdk/src/rp2_common/hardware_exception/exception.c.obj
LOAD /tmp/ccH3045e.o
LOAD pico-sdk/src/rp2_common/cyw43_driver/cyw43_resource.o
LOAD /usr/lib/gcc/arm-none-eabi/9.2.1/../../../arm-none-eabi/lib/thumb/v6-m/nofp/libstdc++.a
LOAD /usr/lib/gcc/arm-none-eabi/9.2.1/../../../arm-none-eabi/lib/thumb/v6-m/nofp/libm.a
START GROUP
LOAD /usr/lib/gcc/arm-none-eabi/9.2.1/thumb/v6-m/nofp/libgcc.a
LOAD /usr/lib/gcc/arm-none-eabi/9.2.1/../../../arm-none-eabi/lib/thumb/v6-m/nofp/libc.a
END GROUP
START GROUP
LOAD /usr/lib/gcc/arm-none-eabi/9.2.1/thumb/v6-m/nofp/libgcc.a
LOAD /usr/lib/gcc/arm-none-eabi/9.2.1/../../../arm-none-eabi/lib/thumb/v6-m/nofp/libc.a
LOAD /usr/lib/gcc/arm-none-eabi/9.2.1/../../../arm-none-eabi/lib/thumb/v6-m/nofp/libnosys.a
END GROUP
LOAD /usr/lib/gcc/arm-none-eabi/9.2.1/thumb/v6-m/nofp/crtend.o
LOAD /usr/lib/gcc/arm-none-eabi/9.2.1/thumb/v6-m/nofp/crtn.o
OUTPUT(picoRGBstrip.elf elf32-littlearm)
LOAD linker stubs

.ARM.attributes
                0x0000000000000000       0x28
 .ARM.attributes
                0x0000000000000000       0x1e /usr/lib/gcc/arm-none-eabi/9.2.1/thumb/v6-m/nofp/crti.o
 .ARM.attributes
                0x000000000000001e       0x2c /usr/lib/gcc/arm-none-eabi/9.2.1/thumb/v6-m/nofp/crtbegin.o
 .ARM.attributes
                0x000000000000004a       0x2c CMakeFiles/picoRGBstrip.dir/picoRGBstrip.c.obj
 .ARM.attributes
                0x0000000000000076       0x2c CMakeFiles/picoRGBstrip.dir/home/asger/pico/pico-sdk/src/rp2_common/hardware_gpio/gpio.c.obj
 .ARM.attributes
                0x00000000000000a2       0x2c CMakeFiles/picoRGBstrip.dir/home/asger/pico/pico-sdk/src/rp2_common/hardware_claim/claim.c.obj
 .ARM.attributes
                0x00000000000000ce       0x2c CMakeFiles/picoRGBstrip.dir/home/asger/pico/pico-sdk/src/rp2_common/pico_platform/platform.c.obj
 .ARM.attributes
                0x00000000000000fa       0x2c CMakeFiles/picoRGBstrip.dir/home/asger/pico/pico-sdk/src/rp2_common/hardware_sync/sync.c.obj
 .ARM.attributes
                0x0000000000000126       0x2c CMakeFiles/picoRGBstrip.dir/home/asger/pico/pico-sdk/src/rp2_common/hardware_irq/irq.c.obj
 .ARM.attributes
                0x0000000000000152       0x22 CMakeFiles/picoRGBstrip.dir/home/asger/pico/pico-sdk/src/rp2_common/hardware_irq/irq_handler_chain.S.obj
 .ARM.attributes
                0x0000000000000174       0x2c CMakeFiles/picoRGBstrip.dir/home/asger/pico/pico-sdk/src/common/pico_sync/lock_core.c.obj
 .ARM.attributes
                0x00000000000001a0       0x2c CMakeFiles/picoRGBstrip.dir/home/asger/pico/pico-sdk/src/common/pico_time/time.c.obj
 .ARM.attributes
                0x00000000000001cc       0x2c CMakeFiles/picoRGBstrip.dir/home/asger/pico/pico-sdk/src/rp2_common/hardware_timer/timer.c.obj
 .ARM.attributes
                0x00000000000001f8       0x2c CMakeFiles/picoRGBstrip.dir/home/asger/pico/pico-sdk/src/common/pico_util/pheap.c.obj
 .ARM.attributes
                0x0000000000000224       0x2c CMakeFiles/picoRGBstrip.dir/home/asger/pico/pico-sdk/src/common/pico_sync/mutex.c.obj
 .ARM.attributes
                0x0000000000000250       0x2c CMakeFiles/picoRGBstrip.dir/home/asger/pico/pico-sdk/src/common/pico_sync/critical_section.c.obj
 .ARM.attributes
                0x000000000000027c       0x2c CMakeFiles/picoRGBstrip.dir/home/asger/pico/pico-sdk/src/rp2_common/pico_runtime/runtime.c.obj
 .ARM.attributes
                0x00000000000002a8       0x2c CMakeFiles/picoRGBstrip.dir/home/asger/pico/pico-sdk/src/rp2_common/hardware_clocks/clocks.c.obj
 .ARM.attributes
                0x00000000000002d4       0x2c CMakeFiles/picoRGBstrip.dir/home/asger/pico/pico-sdk/src/rp2_common/hardware_pll/pll.c.obj
 .ARM.attributes
                0x0000000000000300       0x2c CMakeFiles/picoRGBstrip.dir/home/asger/pico/pico-sdk/src/rp2_common/hardware_watchdog/watchdog.c.obj
 .ARM.attributes
                0x000000000000032c       0x2c CMakeFiles/picoRGBstrip.dir/home/asger/pico/pico-sdk/src/rp2_common/hardware_xosc/xosc.c.obj
 .ARM.attributes
                0x0000000000000358       0x2c CMakeFiles/picoRGBstrip.dir/home/asger/pico/pico-sdk/src/rp2_common/pico_printf/printf.c.obj
 .ARM.attributes
                0x0000000000000384       0x22 CMakeFiles/picoRGBstrip.dir/home/asger/pico/pico-sdk/src/rp2_common/pico_bit_ops/bit_ops_aeabi.S.obj
 .ARM.attributes
                0x00000000000003a6       0x2c CMakeFiles/picoRGBstrip.dir/home/asger/pico/pico-sdk/src/rp2_common/pico_bootrom/bootrom.c.obj
 .ARM.attributes
                0x00000000000003d2       0x22 CMakeFiles/picoRGBstrip.dir/home/asger/pico/pico-sdk/src/rp2_common/pico_divider/divider.S.obj
 .ARM.attributes
                0x00000000000003f4       0x22 CMakeFiles/picoRGBstrip.dir/home/asger/pico/pico-sdk/src/rp2_common/pico_double/double_aeabi.S.obj
 .ARM.attributes
                0x0000000000000416       0x2c CMakeFiles/picoRGBstrip.dir/home/asger/pico/pico-sdk/src/rp2_common/pico_double/double_init_rom.c.obj
 .ARM.attributes
                0x0000000000000442       0x22 CMakeFiles/picoRGBstrip.dir/home/asger/pico/pico-sdk/src/rp2_common/pico_double/double_v1_rom_shim.S.obj
 .ARM.attributes
                0x0000000000000464       0x22 CMakeFiles/picoRGBstrip.dir/home/asger/pico/pico-sdk/src/rp2_common/pico_int64_ops/pico_int64_ops_aeabi.S.obj
 .ARM.attributes
                0x0000000000000486       0x22 CMakeFiles/picoRGBstrip.dir/home/asger/pico/pico-sdk/src/rp2_common/pico_float/float_aeabi.S.obj
 .ARM.attributes
                0x00000000000004a8       0x2c CMakeFiles/picoRGBstrip.dir/home/asger/pico/pico-sdk/src/rp2_common/pico_float/float_init_rom.c.obj
 .ARM.attributes
                0x00000000000004d4       0x2c CMakeFiles/picoRGBstrip.dir/home/asger/pico/pico-sdk/src/rp2_common/pico_float/float_math.c.obj
 .ARM.attributes
                0x0000000000000500       0x22 CMakeFiles/picoRGBstrip.dir/home/asger/pico/pico-sdk/src/rp2_common/pico_mem_ops/mem_ops_aeabi.S.obj
 .ARM.attributes
                0x0000000000000522       0x22 CMakeFiles/picoRGBstrip.dir/home/asger/pico/pico-sdk/src/rp2_common/pico_standard_link/crt0.S.obj
 .ARM.attributes
                0x0000000000000544       0x32 CMakeFiles/picoRGBstrip.dir/home/asger/pico/pico-sdk/src/rp2_common/pico_standard_link/binary_info.c.obj
 .ARM.attributes
                0x0000000000000576       0x2c CMakeFiles/picoRGBstrip.dir/home/asger/pico/pico-sdk/src/rp2_common/pico_stdio/stdio.c.obj
 .ARM.attributes
                0x00000000000005a2       0x2c CMakeFiles/picoRGBstrip.dir/home/asger/pico/pico-sdk/src/rp2_common/pico_stdio_usb/reset_interface.c.obj
 .ARM.attributes
                0x00000000000005ce       0x2c CMakeFiles/picoRGBstrip.dir/home/asger/pico/pico-sdk/src/rp2_common/pico_stdio_usb/stdio_usb.c.obj
 .ARM.attributes
                0x00000000000005fa       0x2c CMakeFiles/picoRGBstrip.dir/home/asger/pico/pico-sdk/src/rp2_common/pico_stdio_usb/stdio_usb_descriptors.c.obj
 .ARM.attributes
                0x0000000000000626       0x2c CMakeFiles/picoRGBstrip.dir/home/asger/pico/pico-sdk/lib/tinyusb/src/portable/raspberrypi/rp2040/dcd_rp2040.c.obj
 .ARM.attributes
                0x0000000000000652       0x2c CMakeFiles/picoRGBstrip.dir/home/asger/pico/pico-sdk/lib/tinyusb/src/portable/raspberrypi/rp2040/rp2040_usb.c.obj
 .ARM.attributes
                0x000000000000067e       0x2c CMakeFiles/picoRGBstrip.dir/home/asger/pico/pico-sdk/lib/tinyusb/src/device/usbd.c.obj
 .ARM.attributes
                0x00000000000006aa       0x2c CMakeFiles/picoRGBstrip.dir/home/asger/pico/pico-sdk/lib/tinyusb/src/device/usbd_control.c.obj
 .ARM.attributes
                0x00000000000006d6       0x2c CMakeFiles/picoRGBstrip.dir/home/asger/pico/pico-sdk/lib/tinyusb/src/class/cdc/cdc_device.c.obj
 .ARM.attributes
                0x0000000000000702       0x2c CMakeFiles/picoRGBstrip.dir/home/asger/pico/pico-sdk/lib/tinyusb/src/tusb.c.obj
 .ARM.attributes
                0x000000000000072e       0x2c CMakeFiles/picoRGBstrip.dir/home/asger/pico/pico-sdk/lib/tinyusb/src/common/tusb_fifo.c.obj
 .ARM.attributes
                0x000000000000075a       0x2c CMakeFiles/picoRGBstrip.dir/home/asger/pico/pico-sdk/src/rp2_common/pico_unique_id/unique_id.c.obj
 .ARM.attributes
                0x0000000000000786       0x2c CMakeFiles/picoRGBstrip.dir/home/asger/pico/pico-sdk/src/rp2_common/hardware_flash/flash.c.obj
 .ARM.attributes
                0x00000000000007b2       0x2c CMakeFiles/picoRGBstrip.dir/home/asger/pico/pico-sdk/src/rp2_common/hardware_pio/pio.c.obj
 .ARM.attributes
                0x00000000000007de       0x22 /tmp/ccH3045e.o
 .ARM.attributes
                0x0000000000000800       0x1e /usr/lib/gcc/arm-none-eabi/9.2.1/thumb/v6-m/nofp/libgcc.a(_dvmd_tls.o)
 .ARM.attributes
                0x000000000000081e       0x2c /usr/lib/gcc/arm-none-eabi/9.2.1/../../../arm-none-eabi/lib/thumb/v6-m/nofp/libc.a(lib_a-strlen-stub.o)
 .ARM.attributes
                0x000000000000084a       0x2c /usr/lib/gcc/arm-none-eabi/9.2.1/thumb/v6-m/nofp/crtend.o

.comment        0x0000000000000000       0xa7
 .comment       0x0000000000000000       0x59 /usr/lib/gcc/arm-none-eabi/9.2.1/thumb/v6-m/nofp/crtbegin.o
                                         0x5a (size before relaxing)
 .comment       0x0000000000000059       0x5a CMakeFiles/picoRGBstrip.dir/picoRGBstrip.c.obj
 .comment       0x0000000000000059       0x5a CMakeFiles/picoRGBstrip.dir/home/asger/pico/pico-sdk/src/rp2_common/hardware_gpio/gpio.c.obj
 .comment       0x0000000000000059       0x5a CMakeFiles/picoRGBstrip.dir/home/asger/pico/pico-sdk/src/rp2_common/hardware_claim/claim.c.obj